Prisma schema loaded from prisma/schema.prisma
Datasource "db": PostgreSQL database "cps_novel_x9_empty_20261009010335_51853", schema "public" at "127.0.0.1:49942"

23 migrations found in prisma/migrations

Applying migration `20260803090000_p1_initial_schema`
Applying migration `20260804090000_p1_08_credential_status_parity`
Applying migration `20260804140000_p1_08b_admin_auth_persistence`
Applying migration `20260816160000_p2_06_5_tagging_v3`
Applying migration `20260818120000_v020_foundation_shared`
Applying migration `20260905090000_site_setting_carousel_config`
Applying migration `20260906090000_p2_02b_article_template_cps_parity`
Applying migration `20260907090000_p3_generic_task_catalog_scan_indexes`
Applying migration `20260907091500_p3_drop_catalog_scan_task`
Applying migration `20260909090000_c24_article_axes`
Applying migration `20260910090000_c27_blog_article_foundation`
Applying migration `20260911090000_c30_novel_rebind_foundation`
Applying migration `20260912090000_l10n_article_template_locale_not_null`
Applying migration `20260912100000_carousel_serving_source_check_fix`
Applying migration `20260913120000_catalog_batch_parent`
Applying migration `20260916090000_x10_task_control_paused_cancelled`
Applying migration `20260918090000_preview_account_hold`
Applying migration `20260924090000_p5a_catalog_position`
Applying migration `20260926150000_periodic_sweep_skip_reason`
Applying migration `20260927090000_side_effect_manual_review_guard`
Applying migration `20260930100000_site_setting_yandex`
Applying migration `20261005100000_worker_health_partial_indexes`
Applying migration `20261008120000_revenue_account_level_dashboard`

The following migration(s) have been applied:

migrations/
  └─ 20260803090000_p1_initial_schema/
    └─ migration.sql
  └─ 20260804090000_p1_08_credential_status_parity/
    └─ migration.sql
  └─ 20260804140000_p1_08b_admin_auth_persistence/
    └─ migration.sql
  └─ 20260816160000_p2_06_5_tagging_v3/
    └─ migration.sql
  └─ 20260818120000_v020_foundation_shared/
    └─ migration.sql
  └─ 20260905090000_site_setting_carousel_config/
    └─ migration.sql
  └─ 20260906090000_p2_02b_article_template_cps_parity/
    └─ migration.sql
  └─ 20260907090000_p3_generic_task_catalog_scan_indexes/
    └─ migration.sql
  └─ 20260907091500_p3_drop_catalog_scan_task/
    └─ migration.sql
  └─ 20260909090000_c24_article_axes/
    └─ migration.sql
  └─ 20260910090000_c27_blog_article_foundation/
    └─ migration.sql
  └─ 20260911090000_c30_novel_rebind_foundation/
    └─ migration.sql
  └─ 20260912090000_l10n_article_template_locale_not_null/
    └─ migration.sql
  └─ 20260912100000_carousel_serving_source_check_fix/
    └─ migration.sql
  └─ 20260913120000_catalog_batch_parent/
    └─ migration.sql
  └─ 20260916090000_x10_task_control_paused_cancelled/
    └─ migration.sql
  └─ 20260918090000_preview_account_hold/
    └─ migration.sql
  └─ 20260924090000_p5a_catalog_position/
    └─ migration.sql
  └─ 20260926150000_periodic_sweep_skip_reason/
    └─ migration.sql
  └─ 20260927090000_side_effect_manual_review_guard/
    └─ migration.sql
  └─ 20260930100000_site_setting_yandex/
    └─ migration.sql
  └─ 20261005100000_worker_health_partial_indexes/
    └─ migration.sql
  └─ 20261008120000_revenue_account_level_dashboard/
    └─ migration.sql
      
All migrations have been successfully applied.
X9_MIGRATION_empty=PASS migrations=23 tables=57

 RUN  v3.2.7 /Users/chenweifeng/Documents/cps海阅/release-v0.5.12

 ✓ |node| tests/integration/task-admin/x9-postgres.test.ts (27 tests) 185ms

 Test Files  1 passed (1)
      Tests  27 passed (27)
   Start at  01:03:37
   Duration  651ms (transform 205ms, setup 0ms, collect 296ms, tests 185ms, environment 0ms, prepare 30ms)

X9_GRANTS_REPLAY_empty_1=PASS

 RUN  v3.2.7 /Users/chenweifeng/Documents/cps海阅/release-v0.5.12

 ✓ |node| tests/integration/task-admin/x9-postgres.test.ts (27 tests) 190ms

 Test Files  1 passed (1)
      Tests  27 passed (27)
   Start at  01:03:38
   Duration  639ms (transform 194ms, setup 0ms, collect 279ms, tests 190ms, environment 0ms, prepare 34ms)

X9_GRANTS_REPLAY_empty_2=PASS
{"status":"ok","models":57,"recordCount":1326,"activeCount":1256,"tableCount":57,"constraintCount":270,"indexCount":238,"triggerCount":3}
X9_DICTIONARY_DRIFT_empty=0
Prisma schema loaded from prisma/schema.prisma
Datasource "db": PostgreSQL database "cps_novel_x9_empty_20261009010335_51853", schema "public" at "127.0.0.1:49942"

23 migrations found in prisma/migrations


No pending migrations to apply.
Prisma schema loaded from ../../../../../var/folders/y7/z3lp3zhj21jfby__zf_nf8680000gn/T/cps-novel-x9-secrets.b1hWMW/upgrade/schema.prisma
Datasource "db": PostgreSQL database "cps_novel_x9_upgrade_20261009010335_51853", schema "public" at "127.0.0.1:49942"

19 migrations found in prisma/migrations

Applying migration `20260803090000_p1_initial_schema`
Applying migration `20260804090000_p1_08_credential_status_parity`
Applying migration `20260804140000_p1_08b_admin_auth_persistence`
Applying migration `20260816160000_p2_06_5_tagging_v3`
Applying migration `20260818120000_v020_foundation_shared`
Applying migration `20260905090000_site_setting_carousel_config`
Applying migration `20260906090000_p2_02b_article_template_cps_parity`
Applying migration `20260907090000_p3_generic_task_catalog_scan_indexes`
Applying migration `20260907091500_p3_drop_catalog_scan_task`
Applying migration `20260909090000_c24_article_axes`
Applying migration `20260910090000_c27_blog_article_foundation`
Applying migration `20260911090000_c30_novel_rebind_foundation`
Applying migration `20260912090000_l10n_article_template_locale_not_null`
Applying migration `20260912100000_carousel_serving_source_check_fix`
Applying migration `20260913120000_catalog_batch_parent`
Applying migration `20260916090000_x10_task_control_paused_cancelled`
Applying migration `20260918090000_preview_account_hold`
Applying migration `20260924090000_p5a_catalog_position`
Applying migration `20260926150000_periodic_sweep_skip_reason`

The following migration(s) have been applied:

migrations/
  └─ 20260803090000_p1_initial_schema/
    └─ migration.sql
  └─ 20260804090000_p1_08_credential_status_parity/
    └─ migration.sql
  └─ 20260804140000_p1_08b_admin_auth_persistence/
    └─ migration.sql
  └─ 20260816160000_p2_06_5_tagging_v3/
    └─ migration.sql
  └─ 20260818120000_v020_foundation_shared/
    └─ migration.sql
  └─ 20260905090000_site_setting_carousel_config/
    └─ migration.sql
  └─ 20260906090000_p2_02b_article_template_cps_parity/
    └─ migration.sql
  └─ 20260907090000_p3_generic_task_catalog_scan_indexes/
    └─ migration.sql
  └─ 20260907091500_p3_drop_catalog_scan_task/
    └─ migration.sql
  └─ 20260909090000_c24_article_axes/
    └─ migration.sql
  └─ 20260910090000_c27_blog_article_foundation/
    └─ migration.sql
  └─ 20260911090000_c30_novel_rebind_foundation/
    └─ migration.sql
  └─ 20260912090000_l10n_article_template_locale_not_null/
    └─ migration.sql
  └─ 20260912100000_carousel_serving_source_check_fix/
    └─ migration.sql
  └─ 20260913120000_catalog_batch_parent/
    └─ migration.sql
  └─ 20260916090000_x10_task_control_paused_cancelled/
    └─ migration.sql
  └─ 20260918090000_preview_account_hold/
    └─ migration.sql
  └─ 20260924090000_p5a_catalog_position/
    └─ migration.sql
  └─ 20260926150000_periodic_sweep_skip_reason/
    └─ migration.sql
      
All migrations have been successfully applied.
INSERT 0 5
INSERT 0 1
Prisma schema loaded from prisma/schema.prisma
Datasource "db": PostgreSQL database "cps_novel_x9_upgrade_20261009010335_51853", schema "public" at "127.0.0.1:49942"

23 migrations found in prisma/migrations

Applying migration `20260927090000_side_effect_manual_review_guard`
Applying migration `20260930100000_site_setting_yandex`
Applying migration `20261005100000_worker_health_partial_indexes`
Applying migration `20261008120000_revenue_account_level_dashboard`

The following migration(s) have been applied:

migrations/
  └─ 20260927090000_side_effect_manual_review_guard/
    └─ migration.sql
  └─ 20260930100000_site_setting_yandex/
    └─ migration.sql
  └─ 20261005100000_worker_health_partial_indexes/
    └─ migration.sql
  └─ 20261008120000_revenue_account_level_dashboard/
    └─ migration.sql
      
All migrations have been successfully applied.
X9_UPGRADE_OLD_MIGRATIONS_AND_DATA=UNCHANGED
X9_MIGRATION_upgrade=PASS migrations=23 tables=57

 RUN  v3.2.7 /Users/chenweifeng/Documents/cps海阅/release-v0.5.12

 ✓ |node| tests/integration/task-admin/x9-postgres.test.ts (27 tests) 186ms

 Test Files  1 passed (1)
      Tests  27 passed (27)
   Start at  01:03:42
   Duration  628ms (transform 192ms, setup 0ms, collect 276ms, tests 186ms, environment 0ms, prepare 34ms)

X9_GRANTS_REPLAY_upgrade_1=PASS

 RUN  v3.2.7 /Users/chenweifeng/Documents/cps海阅/release-v0.5.12

 ✓ |node| tests/integration/task-admin/x9-postgres.test.ts (27 tests) 179ms

 Test Files  1 passed (1)
      Tests  27 passed (27)
   Start at  01:03:43
   Duration  616ms (transform 187ms, setup 0ms, collect 270ms, tests 179ms, environment 0ms, prepare 33ms)

X9_GRANTS_REPLAY_upgrade_2=PASS
{"status":"ok","models":57,"recordCount":1326,"activeCount":1256,"tableCount":57,"constraintCount":270,"indexCount":238,"triggerCount":3}
X9_DICTIONARY_DRIFT_upgrade=0
Prisma schema loaded from prisma/schema.prisma
Datasource "db": PostgreSQL database "cps_novel_x9_upgrade_20261009010335_51853", schema "public" at "127.0.0.1:49942"

23 migrations found in prisma/migrations


No pending migrations to apply.
X9_WEB_INTENT_COLUMN_GRANT=PASS
X9_MANUAL_REVIEW_CAS_AND_AUDIT=PASS
X9_WORKER_MANUAL_REVIEW_OUT_EDGES=DENIED
X9_POSTGRES_VERIFICATION=PASS
X9_DISPOSABLE_DATABASE_CLEANED=yes
