PREPROD_DB_CONTRACT_SETUP=PASS database=cps_novel migrations=applied
PREPROD_DB_CONTRACT_CASE_POSITIVE_GRANTS_REPLAY=PASS
PREPROD_DB_CONTRACT_CASE_POSITIVE_PRIVILEGE_CHECK=PASS
PREPROD_DB_CONTRACT_CASE_POSITIVE_WEB_APP_INSERT=PASS
PREPROD_DB_CONTRACT_CASE_POSITIVE_BACKUP_ROLE_PG_DUMP=PASS
PREPROD_DB_CONTRACT_CASE_POSITIVE=PASS
PREPROD_DB_CONTRACT_CASE_NEGATIVE_PRE_FIX_SETUP=PASS database=cps_novel_nogrants migrations=applied grants=NOT_REPLAYED
PREPROD_DB_CONTRACT_CASE_NEGATIVE_PRE_FIX_WEB_APP_INSERT=FAIL_AS_EXPECTED sqlstate=42501
PREPROD_DB_CONTRACT_CASE_NEGATIVE_PRE_FIX_BACKUP_ROLE_PG_DUMP=FAIL_AS_EXPECTED reason=permission_denied
PREPROD_DB_CONTRACT_CASE_NEGATIVE_PRE_FIX=PASS
PREPROD_DB_CONTRACT_CASE_ATOMICITY_SETUP=PASS database=cps_novel_atomicity migrations=applied grants=NOT_REPLAYED
PREPROD_DB_CONTRACT_CASE_ATOMICITY_SEED=PASS before=backup:t,web:t
PREPROD_DB_CONTRACT_CASE_ATOMICITY_STATE_UNCHANGED=PASS before=backup:t,web:t after=backup:t,web:t
PREPROD_DB_CONTRACT_CASE_ATOMICITY=PASS
PREPROD_DB_CONTRACT_CASE_ATOMICITY_MUTATION_SETUP=PASS database=cps_novel_atomicity_mutation migrations=applied grants=NOT_REPLAYED
PREPROD_DB_CONTRACT_CASE_ATOMICITY_MUTATION=PASS without_single_transaction_strips=web_admin_identity:f,web_operation_audit:f backup_role_operation_audit:t_(re-granted_before_injection_point_in_file_order,_expected)
PREPROD_DB_CONTRACT_CASE_CHECK_HAS_TEETH_WEB_APP_OPERATION_AUDIT=PASS reason=web_app_missing_operation_audit_privilege
PREPROD_DB_CONTRACT_CASE_CHECK_HAS_TEETH_BACKUP_ROLE_TABLE_SELECT=PASS reason=backup_role_missing_table_select table=public.operation_audit
PREPROD_DB_CONTRACT_CASE_CHECK_HAS_TEETH_UNEXPECTED_ADMIN_AUTH_SELECT=PASS reason=unexpected_admin_auth_select role=worker_app
PREPROD_DB_CONTRACT_CASE_CHECK_HAS_TEETH=PASS
PREPROD_DB_CONTRACT_CASE_REASON_FALLBACK=PASS reason=unknown detail_present=yes
PREPROD_DB_CONTRACT_CASE_REASON_FALLBACK_STRUCTURED=PASS reason=web_app_missing_operation_audit_privilege
PREPROD_DB_CONTRACT=PASS
PREPROD_DB_CONTRACT_CLEANUP=PASS
