READ_AT_UTC="2026-10-10T05:06:56.661692+00:00"
ENV_SHA256="c4c49569eb2fbbb5b14d7ba827b59770cc562de3706383ad404ddd9d8bc0da6c"
ENV_SELECTED={"WORKER_TASK_ALLOWLIST": "credential.validate.v1,credential.supersede.v1,catalog_scan,promo_link.claim.v1,batch.materialize.v1,novel.materialize.v1,article.generate.v1,article.generate.batch.v1,article.generate.batch.v2,moboreader.preview_refresh.v1,tagging.auto_classify,changdu.revenue_sync.v1", "FEATURE_INDEXNOW_OUTBOX": "false", "INDEXNOW_OUTBOX_ALLOW_WRITE": "false", "FEATURE_INDEXNOW_DELIVERY": "false", "INDEXNOW_DELIVERY_ALLOW_WRITE": "false", "FEATURE_ARTICLE_SEO_VISIBILITY": "true", "PREPROD_APPROVED_OPEN_WRITE_GATES": "catalog_write,promo_write,sitemap_write,auto_tag_write", "WORKER_LIGHT_TASK_ALLOWLIST": "sitemap_refresh,sitemap.daily_fallback.v1,home_carousel.compute.v1,indexnow.sweep.v1,article.publish.batch.v1,article.publish.v1"}
CONTAINERS=[{"service": "web", "id": "ef2331b075e407c8893bd1c3d6ca078c9e4a760fde6392a4169787866ca172d2", "image": "cps-novel:0.5.14-bf61b5e", "state": "running", "health": "healthy", "startedAt": "2026-10-09T15:13:49.155325002Z", "revision": "bf61b5ea276a0981870cdfa63578a822a65836f3", "selectedEnv": {"FEATURE_INDEXNOW_OUTBOX": "false", "INDEXNOW_OUTBOX_ALLOW_WRITE": "false", "FEATURE_INDEXNOW_DELIVERY": null, "INDEXNOW_DELIVERY_ALLOW_WRITE": null, "FEATURE_ARTICLE_SEO_VISIBILITY": "true", "WORKER_TASK_ALLOWLIST": null}}, {"service": "worker", "id": "9ece42830cdb6f16baf996b1ca00176aa208bd521c9865464ee6d36c21790c37", "image": "cps-novel:0.5.14-bf61b5e", "state": "running", "health": "healthy", "startedAt": "2026-10-09T15:14:01.105702269Z", "revision": "bf61b5ea276a0981870cdfa63578a822a65836f3", "selectedEnv": {"FEATURE_INDEXNOW_OUTBOX": "false", "INDEXNOW_OUTBOX_ALLOW_WRITE": "false", "FEATURE_INDEXNOW_DELIVERY": "false", "INDEXNOW_DELIVERY_ALLOW_WRITE": "false", "FEATURE_ARTICLE_SEO_VISIBILITY": "true", "WORKER_TASK_ALLOWLIST": "credential.validate.v1,credential.supersede.v1,catalog_scan,promo_link.claim.v1,batch.materialize.v1,novel.materialize.v1,article.generate.v1,article.generate.batch.v1,article.generate.batch.v2,moboreader.preview_refresh.v1,tagging.auto_classify,changdu.revenue_sync.v1"}}, {"service": "worker-light", "id": "b966c967908f14a0fb64ce2c2994ccb7b324a2a08bb19639070d70afd4760490", "image": "cps-novel:0.5.14-bf61b5e", "state": "running", "health": "healthy", "startedAt": "2026-10-09T15:14:00.808993711Z", "revision": "bf61b5ea276a0981870cdfa63578a822a65836f3", "selectedEnv": {"FEATURE_INDEXNOW_OUTBOX": "false", "INDEXNOW_OUTBOX_ALLOW_WRITE": "false", "FEATURE_INDEXNOW_DELIVERY": "false", "INDEXNOW_DELIVERY_ALLOW_WRITE": "false", "FEATURE_ARTICLE_SEO_VISIBILITY": "true", "WORKER_TASK_ALLOWLIST": "sitemap_refresh,sitemap.daily_fallback.v1,home_carousel.compute.v1,indexnow.sweep.v1,article.publish.batch.v1,article.publish.v1"}}, {"service": "scheduler", "id": "76e2ed0ebc9d95d1861021de93c350f2bd9a5feb149c5ae748301425de5d4ba8", "image": "cps-novel:0.5.14-bf61b5e", "state": "running", "health": "healthy", "startedAt": "2026-10-09T15:14:07.800227153Z", "revision": "bf61b5ea276a0981870cdfa63578a822a65836f3", "selectedEnv": {"FEATURE_INDEXNOW_OUTBOX": null, "INDEXNOW_OUTBOX_ALLOW_WRITE": null, "FEATURE_INDEXNOW_DELIVERY": "false", "INDEXNOW_DELIVERY_ALLOW_WRITE": "false", "FEATURE_ARTICLE_SEO_VISIBILITY": null, "WORKER_TASK_ALLOWLIST": null}}, {"service": "postgres", "id": "691f4c3e43d7a8dd7acee843a62156c858b783fa8712d5ed366283dd236f525e", "image": "postgres:16.14", "state": "running", "health": "healthy", "startedAt": "2026-09-27T15:28:01.610098036Z"}]
HEALTH={"ok": true, "status": "healthy", "build": {"version": "0.5.14", "commit": "bf61b5ea276a0981870cdfa63578a822a65836f3", "builtAt": "2026-10-09T12:26:09Z"}, "featureFlags": {}, "metadataConsistency": {"status": "passed", "runtimeClaims": {"version": "0.5.14", "commit": "bf61b5ea276a0981870cdfa63578a822a65836f3"}}, "database": {"status": "passed", "reason": null, "durationMs": 1}, "reasons": []}
READONLY_SQL=[{"kind": "site_setting", "id": 1, "host": "pulsenovels.com", "keyLocation": "https://pulsenovels.com/indexnow-key.txt", "keyLength": 32, "effectiveKeyLength": 32, "effectiveKeySha256": "e33f183b9663a625cdc0e23d469f0c0b5b44d43e48f91da3fa430d470a548e1c"}, {"kind": "window", "readAt": "2026-10-10T05:06:57.192476+00:00", "articleTasks": 0, "processingItems": 0, "runningBatches": 0, "outboxTotal": 0, "attemptTotal": 0, "sweepScheduleTotal": 0}]
PREFLIGHT_OUTPUT_BEGIN
PREPROD_SITE_MODE=public
IMAGE=PASS anchor=descriptor
PREPROD_WORKER_LANES=PASS main=cps-novel-preprod-worker-1 light=cps-novel-preprod-worker-light-1
SECRET_CONSUMER_MATRIX=PASS count=15
MAINTENANCE_MARKER_PROBE=SKIPPED reason=marker_absent path=/opt/cps-novel/shared/maintenance/enabled
SECRET_PREFLIGHT=PASS CONSUMER_ACCESS=VERIFIED
PREPROD_WRITE_GATES=PASS approved=catalog_write,promo_write,sitemap_write,auto_tag_write open=catalog_write,promo_write,sitemap_write,auto_tag_write
PREPROD_PROMO_CLAIM_LIFECYCLE_CONFIG=PASS enabled=true approvalTtlMinutes=1440 shardWindowMinutes=90 shardSizeMin=50 shardSizeMax=1000 credentialSafetyMarginMinutes=30 deadlineGraceMinutes=10
PREPROD_MOBOREADER_RATE_GATE_CONFIG=PASS enabled=true intervalGetlistpcMs=1500 intervalGetcodeMs=1500 hostMinGapMs=250 remainingFloorGetlistpc=8 remainingFloorGetcode=12 rateWindowMaxWaitMs=60000 cooldownAnomalyThresholdMs=900000
PREPROD_ADMIN_LOGIN_TURNSTILE_CONFIG=PASS enabled=false
PREPROD_PREFLIGHT=PASS
PREFLIGHT_OUTPUT_END
PHASE0_FAILURES=[]
PHASE0_REMOTE=PASS

SSH_EXIT=0
