PHASE1_STARTED_AT_UTC="2026-10-10T05:08:45.688730+00:00"
REBUILD_WINDOW=[{"readAt": "2026-10-10T05:08:45.841153+00:00", "articleTasks": 0, "processingItems": 0, "runningBatches": 0}]
--- /opt/cps-novel/shared/env/preprod.env.bak-indexnow-stage1-20261010T050845Z
+++ /opt/cps-novel/shared/env/preprod.env
@@ -1,3 +1,3 @@
-FEATURE_INDEXNOW_OUTBOX=false
-INDEXNOW_OUTBOX_ALLOW_WRITE=false
-PREPROD_APPROVED_OPEN_WRITE_GATES=catalog_write,promo_write,sitemap_write,auto_tag_write
+FEATURE_INDEXNOW_OUTBOX=true
+INDEXNOW_OUTBOX_ALLOW_WRITE=true
+PREPROD_APPROVED_OPEN_WRITE_GATES=catalog_write,promo_write,sitemap_write,auto_tag_write,indexnow_outbox
ENV_CHANGE={"backup": "/opt/cps-novel/shared/env/preprod.env.bak-indexnow-stage1-20261010T050845Z", "beforeSha256": "c4c49569eb2fbbb5b14d7ba827b59770cc562de3706383ad404ddd9d8bc0da6c", "afterSha256": "6ee8e8dbbe27b0512d4118ddcb2c8dd198b442a054302584e1b79119b4ca7d58", "otherBytesCmp": "PASS", "changedKeys": ["FEATURE_INDEXNOW_OUTBOX", "INDEXNOW_OUTBOX_ALLOW_WRITE", "PREPROD_APPROVED_OPEN_WRITE_GATES"], "allowlists": "UNCHANGED"}
PREPROD_SITE_MODE=public
IMAGE=PASS anchor=descriptor
PREPROD_WORKER_LANES=PASS main=cps-novel-preprod-worker-1 light=cps-novel-preprod-worker-light-1
SECRET_CONSUMER_MATRIX=PASS count=15
MAINTENANCE_MARKER_PROBE=SKIPPED reason=marker_absent path=/opt/cps-novel/shared/maintenance/enabled
SECRET_PREFLIGHT=PASS CONSUMER_ACCESS=VERIFIED
PREPROD_WRITE_GATES=PASS approved=catalog_write,promo_write,sitemap_write,auto_tag_write,indexnow_outbox open=catalog_write,promo_write,sitemap_write,auto_tag_write,indexnow_outbox
PREPROD_PROMO_CLAIM_LIFECYCLE_CONFIG=PASS enabled=true approvalTtlMinutes=1440 shardWindowMinutes=90 shardSizeMin=50 shardSizeMax=1000 credentialSafetyMarginMinutes=30 deadlineGraceMinutes=10
PREPROD_MOBOREADER_RATE_GATE_CONFIG=PASS enabled=true intervalGetlistpcMs=1500 intervalGetcodeMs=1500 hostMinGapMs=250 remainingFloorGetlistpc=8 remainingFloorGetcode=12 rateWindowMaxWaitMs=60000 cooldownAnomalyThresholdMs=900000
PREPROD_ADMIN_LOGIN_TURNSTILE_CONFIG=PASS enabled=false
PREPROD_PREFLIGHT=PASS
REBUILD_WINDOW=[{"readAt": "2026-10-10T05:08:54.058797+00:00", "articleTasks": 0, "processingItems": 0, "runningBatches": 0}]
REBUILD_SERVICE_STARTED={"service": "web", "atUTC": "2026-10-10T05:08:54.068573+00:00"}
APP_RUNTIME=PASS image=cps-novel:0.5.14-bf61b5e identity=verified
 Container cps-novel-web-1 Recreate 
 Container cps-novel-web-1 Recreated 
 Container cps-novel-web-1 Starting 
 Container cps-novel-web-1 Started 
 Container cps-novel-web-1 Waiting 
 Container cps-novel-web-1 Healthy 
HEALTH_WAIT=PASS service=web health=healthy
RUNTIME_IMAGE_ONE=PASS service=web anchor=manifest_descriptor
RUNTIME_IMAGE=PASS services=web
REBUILD_SERVICE_FINISHED={"service": "web", "atUTC": "2026-10-10T05:09:01.896982+00:00"}
REBUILD_WINDOW=[{"readAt": "2026-10-10T05:09:02.17354+00:00", "articleTasks": 0, "processingItems": 0, "runningBatches": 0}]
REBUILD_SERVICE_STARTED={"service": "worker", "atUTC": "2026-10-10T05:09:02.188192+00:00"}
APP_RUNTIME=PASS image=cps-novel:0.5.14-bf61b5e identity=verified
 Container cps-novel-worker-1 Recreate 
 Container cps-novel-worker-1 Recreated 
 Container cps-novel-worker-1 Starting 
 Container cps-novel-worker-1 Started 
 Container cps-novel-worker-1 Waiting 
 Container cps-novel-worker-1 Healthy 
HEALTH_WAIT=PASS service=worker health=healthy
RUNTIME_IMAGE_ONE=PASS service=worker anchor=manifest_descriptor
RUNTIME_IMAGE=PASS services=worker
REBUILD_SERVICE_FINISHED={"service": "worker", "atUTC": "2026-10-10T05:09:10.105917+00:00"}
REBUILD_WINDOW=[{"readAt": "2026-10-10T05:09:10.335198+00:00", "articleTasks": 0, "processingItems": 0, "runningBatches": 0}]
REBUILD_SERVICE_STARTED={"service": "worker-light", "atUTC": "2026-10-10T05:09:10.347929+00:00"}
APP_RUNTIME=PASS image=cps-novel:0.5.14-bf61b5e identity=verified
 Container cps-novel-worker-light-1 Recreate 
 Container cps-novel-worker-light-1 Recreated 
 Container cps-novel-worker-light-1 Starting 
 Container cps-novel-worker-light-1 Started 
 Container cps-novel-worker-light-1 Waiting 
 Container cps-novel-worker-light-1 Healthy 
HEALTH_WAIT=PASS service=worker-light health=healthy
RUNTIME_IMAGE_ONE=PASS service=worker-light anchor=manifest_descriptor
RUNTIME_IMAGE=PASS services=worker-light
REBUILD_SERVICE_FINISHED={"service": "worker-light", "atUTC": "2026-10-10T05:09:18.086093+00:00"}
SERVICE_READBACK={"service": "web", "id": "f14916abca950fb385014e9d42a907116cefce51c61a20be628520e35b306169", "state": "running", "health": "healthy", "startedAt": "2026-10-10T05:08:55.439081111Z", "outboxFeature": "true", "outboxAllowWrite": "true", "errorLines": 0, "permissionDenied": 0}
SERVICE_READBACK={"service": "worker", "id": "82aaf8358c50b99f354e20d53f3167868a12b9a510acffc98d456b72d937c762", "state": "running", "health": "healthy", "startedAt": "2026-10-10T05:09:03.964325924Z", "outboxFeature": "true", "outboxAllowWrite": "true", "errorLines": 0, "permissionDenied": 0, "startupAllowlist": {"schemaVersion": 1, "event": "worker_task_allowlist", "level": "info", "requested": ["credential.validate.v1", "credential.supersede.v1", "catalog_scan", "promo_link.claim.v1", "batch.materialize.v1", "novel.materialize.v1", "article.generate.v1", "article.generate.batch.v1", "article.generate.batch.v2", "moboreader.preview_refresh.v1", "tagging.auto_classify", "changdu.revenue_sync.v1"], "effective": ["credential.validate.v1", "credential.supersede.v1", "catalog_scan", "promo_link.claim.v1", "batch.materialize.v1", "novel.materialize.v1", "article.generate.v1", "article.generate.batch.v1", "article.generate.batch.v2", "moboreader.preview_refresh.v1", "tagging.auto_classify", "changdu.revenue_sync.v1"], "invalid": []}}
SERVICE_READBACK={"service": "worker-light", "id": "4a986c1f84835b16bbf2b3113c7a9c7e76cac640ba85d032d5fbad8b1e2d647d", "state": "running", "health": "healthy", "startedAt": "2026-10-10T05:09:11.836080527Z", "outboxFeature": "true", "outboxAllowWrite": "true", "errorLines": 0, "permissionDenied": 0, "startupAllowlist": {"schemaVersion": 1, "event": "worker_task_allowlist", "level": "info", "requested": ["sitemap_refresh", "sitemap.daily_fallback.v1", "home_carousel.compute.v1", "indexnow.sweep.v1", "article.publish.batch.v1", "article.publish.v1"], "effective": ["sitemap_refresh", "sitemap.daily_fallback.v1", "home_carousel.compute.v1", "indexnow.sweep.v1", "article.publish.batch.v1", "article.publish.v1"], "invalid": []}}
SERVICE_READBACK={"service": "scheduler", "id": "76e2ed0ebc9d95d1861021de93c350f2bd9a5feb149c5ae748301425de5d4ba8", "state": "running", "health": "healthy", "startedAt": "2026-10-09T15:14:07.800227153Z", "unchanged": true}
SERVICE_READBACK={"service": "postgres", "id": "691f4c3e43d7a8dd7acee843a62156c858b783fa8712d5ed366283dd236f525e", "state": "running", "health": "healthy", "startedAt": "2026-09-27T15:28:01.610098036Z", "unchanged": true}
HEALTH={"ok": true, "status": "healthy", "build": {"version": "0.5.14", "commit": "bf61b5ea276a0981870cdfa63578a822a65836f3", "builtAt": "2026-10-09T12:26:09Z"}, "featureFlags": {}, "metadataConsistency": {"status": "passed", "runtimeClaims": {"version": "0.5.14", "commit": "bf61b5ea276a0981870cdfa63578a822a65836f3"}}, "database": {"status": "passed", "reason": null, "durationMs": 2}, "reasons": []}
PHASE1_BASELINE_READBACK=[{"readAt": "2026-10-10T05:09:18.942992+00:00", "outboxTotal": 0, "attemptTotal": 0, "sweepScheduleTotal": 0}]
PHASE1_CONFIG_COMPLETED_AT_UTC="2026-10-10T05:09:18.949425+00:00"
PHASE1_CONFIG=PASS OBSERVATION=PENDING_OWNER_FIRST_PUBLISH DELIVERY=CLOSED
SSH_EXIT=0
