B21_SEEDING es=7918 fr=7367 en=43431 desc_median_chars=700
SEED={"command":"seed","locale":"es","novels":7918,"avgDescriptionChars":895}
SEED={"command":"seed","locale":"fr","novels":7367,"avgDescriptionChars":890}
SEED={"command":"seed","locale":"en","novels":43431,"avgDescriptionChars":905}
NOVELS_BY_LOCALE=en:43431,es:7918,fr:7367
DB_SIZE_MB=177
COMPARE={"command":"compare","locale":"es","lifecycle":"initialize_missing","equal":true,"items":5430,"legacyItemsFingerprint":"79d7afa60ae68fd902b5ddf9ce3a96d877a11b102859464118439723a933c3f6","currentItemsFingerprint":"79d7afa60ae68fd902b5ddf9ce3a96d877a11b102859464118439723a933c3f6","legacyDerivationViolations":0,"currentDerivationViolations":0,"taskRowsEqual":true,"auditEqual":true}
COMPARE={"command":"compare","locale":"es","lifecycle":"reclassify_existing","equal":true,"items":7747,"legacyItemsFingerprint":"f7393bee7a71cf5896eed3336b6a476daced4e62f45625ea24705d2b1c264212","currentItemsFingerprint":"f7393bee7a71cf5896eed3336b6a476daced4e62f45625ea24705d2b1c264212","legacyDerivationViolations":0,"currentDerivationViolations":0,"taskRowsEqual":true,"auditEqual":true}
COMPARE={"command":"compare","locale":"fr","lifecycle":"initialize_missing","equal":true,"items":5000,"legacyItemsFingerprint":"f2e8256a5edc445ec628aece0d837438eed1347c409beccd94c7050f1316f8ba","currentItemsFingerprint":"f2e8256a5edc445ec628aece0d837438eed1347c409beccd94c7050f1316f8ba","legacyDerivationViolations":0,"currentDerivationViolations":0,"taskRowsEqual":true,"auditEqual":true}
COMPARE={"command":"compare","locale":"fr","lifecycle":"reclassify_existing","equal":true,"items":7225,"legacyItemsFingerprint":"11c95c6ab44e81b29ccb81ba54a08b58a12a5c8531ac85758a9c0693972618c0","currentItemsFingerprint":"11c95c6ab44e81b29ccb81ba54a08b58a12a5c8531ac85758a9c0693972618c0","legacyDerivationViolations":0,"currentDerivationViolations":0,"taskRowsEqual":true,"auditEqual":true}
COMPARE={"command":"compare","locale":"en","lifecycle":"initialize_missing","equal":true,"items":29659,"legacyItemsFingerprint":"36196254eadf56e8181f3037e673fcbca94a90d58261af5fdbec9f4876c63bba","currentItemsFingerprint":"36196254eadf56e8181f3037e673fcbca94a90d58261af5fdbec9f4876c63bba","legacyDerivationViolations":0,"currentDerivationViolations":0,"taskRowsEqual":true,"auditEqual":true}
COMPARE={"command":"compare","locale":"en","lifecycle":"reclassify_existing","equal":true,"items":42595,"legacyItemsFingerprint":"a50f15bfdee42c5dfecc126c87bf4423934b9678ef414e3f0f053be0f76fb7ed","currentItemsFingerprint":"a50f15bfdee42c5dfecc126c87bf4423934b9678ef414e3f0f053be0f76fb7ed","legacyDerivationViolations":0,"currentDerivationViolations":0,"taskRowsEqual":true,"auditEqual":true}
NOTICE:  truncate cascades to table "generic_task_item"
NOTICE:  truncate cascades to table "cron_run"
NOTICE:  truncate cascades to table "revenue_sync_batch"
NOTICE:  truncate cascades to table "revenue_raw_snapshot"
NOTICE:  truncate cascades to table "revenue_daily_stat"
NOTICE:  truncate cascades to table "generic_task_item"
NOTICE:  truncate cascades to table "cron_run"
NOTICE:  truncate cascades to table "revenue_sync_batch"
NOTICE:  truncate cascades to table "revenue_raw_snapshot"
NOTICE:  truncate cascades to table "revenue_daily_stat"
MEASURE={"command":"measure","impl":"legacy","locale":"es","lifecycle":"reclassify_existing","result":{"status":"enqueued","taskId":"c01228c9-c021-4e63-a0e8-381f748ad270","taskStatus":"pending","eligibleCount":7747},"startRssMiB":91.2,"peakRssMiB":626.3,"sampledPeakRssMiB":626.3,"endRssMiB":616.8,"heapPeakMiB":48,"externalPeakMiB":3.8,"arrayBuffersPeakMiB":0,"elapsedMs":1050}
NOTICE:  truncate cascades to table "generic_task_item"
NOTICE:  truncate cascades to table "cron_run"
NOTICE:  truncate cascades to table "revenue_sync_batch"
NOTICE:  truncate cascades to table "revenue_raw_snapshot"
NOTICE:  truncate cascades to table "revenue_daily_stat"
MEASURE={"command":"measure","impl":"legacy","locale":"fr","lifecycle":"reclassify_existing","result":{"status":"enqueued","taskId":"0d49e70d-eb1d-4ec8-a35b-23fc90cf08e3","taskStatus":"pending","eligibleCount":7225},"startRssMiB":91.8,"peakRssMiB":618.6,"sampledPeakRssMiB":618.6,"endRssMiB":618.6,"heapPeakMiB":54.6,"externalPeakMiB":3.8,"arrayBuffersPeakMiB":0,"elapsedMs":972}
NOTICE:  truncate cascades to table "generic_task_item"
NOTICE:  truncate cascades to table "cron_run"
NOTICE:  truncate cascades to table "revenue_sync_batch"
NOTICE:  truncate cascades to table "revenue_raw_snapshot"
NOTICE:  truncate cascades to table "revenue_daily_stat"
MEASURE={"command":"measure","impl":"legacy","locale":"en","lifecycle":"reclassify_existing","result":{"status":"enqueued","taskId":"bd930054-1e7f-47ba-837e-75db171aefc9","taskStatus":"pending","eligibleCount":42595},"startRssMiB":91.8,"peakRssMiB":2649,"sampledPeakRssMiB":2649,"endRssMiB":2649,"heapPeakMiB":180.2,"externalPeakMiB":3.8,"arrayBuffersPeakMiB":0,"elapsedMs":5208}
NOTICE:  truncate cascades to table "generic_task_item"
NOTICE:  truncate cascades to table "cron_run"
NOTICE:  truncate cascades to table "revenue_sync_batch"
NOTICE:  truncate cascades to table "revenue_raw_snapshot"
NOTICE:  truncate cascades to table "revenue_daily_stat"
MEASURE={"command":"measure","impl":"current","locale":"es","lifecycle":"reclassify_existing","result":{"status":"enqueued","taskId":"8b0f099e-9b9c-4686-af65-bc788a2f4b1d","taskStatus":"pending","eligibleCount":7747},"startRssMiB":92,"peakRssMiB":190.1,"sampledPeakRssMiB":190.1,"endRssMiB":190.1,"heapPeakMiB":33.7,"externalPeakMiB":3.8,"arrayBuffersPeakMiB":0,"elapsedMs":899}
PEAK_RSS_MIB impl=current locale=es peak=190.1 limit=1024
NOTICE:  truncate cascades to table "generic_task_item"
NOTICE:  truncate cascades to table "cron_run"
NOTICE:  truncate cascades to table "revenue_sync_batch"
NOTICE:  truncate cascades to table "revenue_raw_snapshot"
NOTICE:  truncate cascades to table "revenue_daily_stat"
MEASURE={"command":"measure","impl":"current","locale":"fr","lifecycle":"reclassify_existing","result":{"status":"enqueued","taskId":"dc6cf178-725b-488f-9311-4faec5ce9c5e","taskStatus":"pending","eligibleCount":7225},"startRssMiB":91.3,"peakRssMiB":188,"sampledPeakRssMiB":188,"endRssMiB":183.1,"heapPeakMiB":40.2,"externalPeakMiB":3.8,"arrayBuffersPeakMiB":0,"elapsedMs":822}
PEAK_RSS_MIB impl=current locale=fr peak=188 limit=1024
NOTICE:  truncate cascades to table "generic_task_item"
NOTICE:  truncate cascades to table "cron_run"
NOTICE:  truncate cascades to table "revenue_sync_batch"
NOTICE:  truncate cascades to table "revenue_raw_snapshot"
NOTICE:  truncate cascades to table "revenue_daily_stat"
MEASURE={"command":"measure","impl":"current","locale":"en","lifecycle":"reclassify_existing","result":{"status":"enqueued","taskId":"c7e0d463-06cd-481b-857f-01e54d8ac0fe","taskStatus":"pending","eligibleCount":42595},"startRssMiB":91.9,"peakRssMiB":247.3,"sampledPeakRssMiB":247,"endRssMiB":215,"heapPeakMiB":96.7,"externalPeakMiB":3.8,"arrayBuffersPeakMiB":0,"elapsedMs":4416}
PEAK_RSS_MIB impl=current locale=en peak=247.3 limit=1024
B21_MEASUREMENT=PASS
B21_DISPOSABLE_DATABASE_CLEANED=yes
