
 RUN  v3.2.7 /Users/chenweifeng/Documents/cps海阅/release-v0.5.11

stdout | tests/integration/catalog-batch/postgres.test.ts > catalog batch on disposable PostgreSQL 16.14 > materializes 12,051 fixed members across channels without omissions at 50-row boundaries
CATALOG_BATCH_SCALE_METRIC count=12051 materializeMs=2574 expectedHash=effeddeae3c5789a61fb547bbe22ec8969c7168e5781adba5fd3cd8f961763bd

stdout | tests/integration/catalog-batch/postgres.test.ts > catalog batch on disposable PostgreSQL 16.14 > 规模回归：3.6 万+ 已领取书目下，三态筛选与'全选+未领取'枚举均不报错、计数与集合精确（web_app/worker_app role）
PROMO_LINK_STATUS_SCALE_METRIC phase=seed step=seedCatalogRows_claimed elapsedMs=444

stdout | tests/integration/catalog-batch/postgres.test.ts > catalog batch on disposable PostgreSQL 16.14 > 规模回归：3.6 万+ 已领取书目下，三态筛选与'全选+未领取'枚举均不报错、计数与集合精确（web_app/worker_app role）
PROMO_LINK_STATUS_SCALE_METRIC phase=seed step=seedCatalogRows_free_and_manual elapsedMs=4

stdout | tests/integration/catalog-batch/postgres.test.ts > catalog batch on disposable PostgreSQL 16.14 > 规模回归：3.6 万+ 已领取书目下，三态筛选与'全选+未领取'枚举均不报错、计数与集合精确（web_app/worker_app role）
PROMO_LINK_STATUS_SCALE_METRIC phase=seed step=bulkLinkAllUnderChannel elapsedMs=1467

stdout | tests/integration/catalog-batch/postgres.test.ts > catalog batch on disposable PostgreSQL 16.14 > 规模回归：3.6 万+ 已领取书目下，三态筛选与'全选+未领取'枚举均不报错、计数与集合精确（web_app/worker_app role）
PROMO_LINK_STATUS_SCALE_METRIC phase=seed step=bulkSeedFetchedPromoLinks elapsedMs=841

stdout | tests/integration/catalog-batch/postgres.test.ts > catalog batch on disposable PostgreSQL 16.14 > 规模回归：3.6 万+ 已领取书目下，三态筛选与'全选+未领取'枚举均不报错、计数与集合精确（web_app/worker_app role）
PROMO_LINK_STATUS_SCALE_METRIC phase=seed step=seedManualReviewIntent_loop elapsedMs=313

stdout | tests/integration/catalog-batch/postgres.test.ts > catalog batch on disposable PostgreSQL 16.14 > 规模回归：3.6 万+ 已领取书目下，三态筛选与'全选+未领取'枚举均不报错、计数与集合精确（web_app/worker_app role）
PROMO_LINK_STATUS_SCALE_METRIC phase=seed step=analyzePromoLink elapsedMs=101
PROMO_LINK_STATUS_SCALE_METRIC phase=seed claimed=36000 notClaimed=130 manualReview=40 elapsedMs=3171

stdout | tests/integration/catalog-batch/postgres.test.ts > catalog batch on disposable PostgreSQL 16.14 > 规模回归：3.6 万+ 已领取书目下，三态筛选与'全选+未领取'枚举均不报错、计数与集合精确（web_app/worker_app role）
PROMO_LINK_STATUS_SCALE_METRIC phase=listing elapsedMs=118

stdout | tests/integration/catalog-batch/postgres.test.ts > catalog batch on disposable PostgreSQL 16.14 > 规模回归：3.6 万+ 已领取书目下，三态筛选与'全选+未领取'枚举均不报错、计数与集合精确（web_app/worker_app role）
PROMO_LINK_STATUS_SCALE_METRIC phase=enumerate elapsedMs=109

stdout | tests/integration/catalog-batch/postgres.test.ts > catalog batch on disposable PostgreSQL 16.14 > 上架时间筛选·场景 F：9.8 万本规模下带该筛选的列表查询（含 count、含新排序）实测耗时，计数与分布一致 (web_app role)
SOURCE_CREATED_FILTER_SCALE_METRIC rows=98239 step=seed elapsedMs=1395

stdout | tests/integration/catalog-batch/postgres.test.ts > catalog batch on disposable PostgreSQL 16.14 > 上架时间筛选·场景 F：9.8 万本规模下带该筛选的列表查询（含 count、含新排序）实测耗时，计数与分布一致 (web_app role)
SOURCE_CREATED_FILTER_SCALE_METRIC rows=98239 step=list_all_default_order elapsedMs=29

stdout | tests/integration/catalog-batch/postgres.test.ts > catalog batch on disposable PostgreSQL 16.14 > 上架时间筛选·场景 F：9.8 万本规模下带该筛选的列表查询（含 count、含新排序）实测耗时，计数与分布一致 (web_app role)
SOURCE_CREATED_FILTER_SCALE_METRIC rows=98239 step=list_all_sort_source_created_desc elapsedMs=25

stdout | tests/integration/catalog-batch/postgres.test.ts > catalog batch on disposable PostgreSQL 16.14 > 上架时间筛选·场景 F：9.8 万本规模下带该筛选的列表查询（含 count、含新排序）实测耗时，计数与分布一致 (web_app role)
SOURCE_CREATED_FILTER_SCALE_METRIC rows=98239 step=list_within_30d elapsedMs=22

stdout | tests/integration/catalog-batch/postgres.test.ts > catalog batch on disposable PostgreSQL 16.14 > 上架时间筛选·场景 F：9.8 万本规模下带该筛选的列表查询（含 count、含新排序）实测耗时，计数与分布一致 (web_app role)
SOURCE_CREATED_FILTER_SCALE_METRIC rows=98239 step=list_within_30d_sort_source_created_desc elapsedMs=20

stdout | tests/integration/catalog-batch/postgres.test.ts > catalog batch on disposable PostgreSQL 16.14 > 上架时间筛选·场景 F：9.8 万本规模下带该筛选的列表查询（含 count、含新排序）实测耗时，计数与分布一致 (web_app role)
SOURCE_CREATED_FILTER_SCALE_METRIC rows=98239 step=list_within_90d elapsedMs=21

stdout | tests/integration/catalog-batch/postgres.test.ts > catalog batch on disposable PostgreSQL 16.14 > 上架时间筛选·场景 F：9.8 万本规模下带该筛选的列表查询（含 count、含新排序）实测耗时，计数与分布一致 (web_app role)
SOURCE_CREATED_FILTER_SCALE_METRIC rows=98239 step=list_within_90d_sort_source_created_desc elapsedMs=21

stdout | tests/integration/catalog-batch/postgres.test.ts > catalog batch on disposable PostgreSQL 16.14 > 上架时间筛选·场景 F：9.8 万本规模下带该筛选的列表查询（含 count、含新排序）实测耗时，计数与分布一致 (web_app role)
SOURCE_CREATED_FILTER_SCALE_METRIC rows=98239 step=list_within_365d elapsedMs=24

stdout | tests/integration/catalog-batch/postgres.test.ts > catalog batch on disposable PostgreSQL 16.14 > 上架时间筛选·场景 F：9.8 万本规模下带该筛选的列表查询（含 count、含新排序）实测耗时，计数与分布一致 (web_app role)
SOURCE_CREATED_FILTER_SCALE_METRIC rows=98239 step=list_within_365d_sort_source_created_desc elapsedMs=26

stdout | tests/integration/catalog-batch/postgres.test.ts > catalog batch on disposable PostgreSQL 16.14 > 上架时间筛选·场景 F：9.8 万本规模下带该筛选的列表查询（含 count、含新排序）实测耗时，计数与分布一致 (web_app role)
SOURCE_CREATED_FILTER_SCALE_METRIC rows=98239 step=list_within_365d_page_2 elapsedMs=23

stdout | tests/integration/catalog-batch/postgres.test.ts > catalog batch on disposable PostgreSQL 16.14 > 上架时间筛选·场景 F：9.8 万本规模下 worker 枚举（纳入书目·pending·近 30 天）实测耗时，selectedCount 与列表一致 (worker_app role)
SOURCE_CREATED_FILTER_SCALE_METRIC rows=98239 step=seed elapsedMs=1435

stdout | tests/integration/catalog-batch/postgres.test.ts > catalog batch on disposable PostgreSQL 16.14 > 上架时间筛选·场景 F：9.8 万本规模下 worker 枚举（纳入书目·pending·近 30 天）实测耗时，selectedCount 与列表一致 (worker_app role)
SOURCE_CREATED_FILTER_SCALE_METRIC rows=98239 step=enumerate_within_30d elapsedMs=150

stdout | tests/integration/catalog-batch/postgres.test.ts > catalog batch on disposable PostgreSQL 16.14 > 上架时间筛选·场景 F：9.8 万本规模下 worker 枚举（纳入书目·pending·近 90 天）实测耗时，selectedCount 与列表一致 (worker_app role)
SOURCE_CREATED_FILTER_SCALE_METRIC rows=98239 step=seed elapsedMs=1314

stdout | tests/integration/catalog-batch/postgres.test.ts > catalog batch on disposable PostgreSQL 16.14 > 上架时间筛选·场景 F：9.8 万本规模下 worker 枚举（纳入书目·pending·近 90 天）实测耗时，selectedCount 与列表一致 (worker_app role)
SOURCE_CREATED_FILTER_SCALE_METRIC rows=98239 step=enumerate_within_90d elapsedMs=263

stdout | tests/integration/catalog-batch/postgres.test.ts > catalog batch on disposable PostgreSQL 16.14 > 上架时间筛选·场景 F：9.8 万本规模下 worker 枚举（纳入书目·pending·近 365 天）实测耗时，selectedCount 与列表一致 (worker_app role)
SOURCE_CREATED_FILTER_SCALE_METRIC rows=98239 step=seed elapsedMs=1308

stdout | tests/integration/catalog-batch/postgres.test.ts > catalog batch on disposable PostgreSQL 16.14 > 上架时间筛选·场景 F：9.8 万本规模下 worker 枚举（纳入书目·pending·近 365 天）实测耗时，selectedCount 与列表一致 (worker_app role)
SOURCE_CREATED_FILTER_SCALE_METRIC rows=98239 step=enumerate_within_365d elapsedMs=1129

 ✓ |node| tests/integration/catalog-batch/postgres.test.ts (46 tests) 17917ms
   ✓ catalog batch on disposable PostgreSQL 16.14 > materializes 12,051 fixed members across channels without omissions at 50-row boundaries  3077ms
   ✓ catalog batch on disposable PostgreSQL 16.14 > quiesces runtime heartbeats before a slow fenced protected write  398ms
   ✓ catalog batch on disposable PostgreSQL 16.14 > 规模回归：3.6 万+ 已领取书目下，三态筛选与'全选+未领取'枚举均不报错、计数与集合精确（web_app/worker_app role）  3446ms
   ✓ catalog batch on disposable PostgreSQL 16.14 > 上架时间筛选·场景 F：9.8 万本规模下带该筛选的列表查询（含 count、含新排序）实测耗时，计数与分布一致 (web_app role)  1637ms
   ✓ catalog batch on disposable PostgreSQL 16.14 > 上架时间筛选·场景 F：9.8 万本规模下 worker 枚举（纳入书目·pending·近 30 天）实测耗时，selectedCount 与列表一致 (worker_app role)  1657ms
   ✓ catalog batch on disposable PostgreSQL 16.14 > 上架时间筛选·场景 F：9.8 万本规模下 worker 枚举（纳入书目·pending·近 90 天）实测耗时，selectedCount 与列表一致 (worker_app role)  1641ms
   ✓ catalog batch on disposable PostgreSQL 16.14 > 上架时间筛选·场景 F：9.8 万本规模下 worker 枚举（纳入书目·pending·近 365 天）实测耗时，selectedCount 与列表一致 (worker_app role)  2502ms
stdout | tests/integration/catalog-batch/promo-claim-catalog-position-sort-postgres.test.ts > promo-claim lifecycle 5-A: 页位置登记后的枚举排序与载荷提示 (real Postgres) > sorts 5,000 books by trusted page position, groups untrusted/mismatched-signature rows to the tail, and stamps catalogPageHint/preReadMode consistently
PROMO_CLAIM_CATALOG_POSITION_SORT_METRIC scaleCount=5000 enumerateMs=817

 ✓ |node| tests/integration/catalog-batch/promo-claim-catalog-position-sort-postgres.test.ts (1 test) 1267ms
   ✓ promo-claim lifecycle 5-A: 页位置登记后的枚举排序与载荷提示 (real Postgres) > sorts 5,000 books by trusted page position, groups untrusted/mismatched-signature rows to the tail, and stamps catalogPageHint/preReadMode consistently  1252ms
stdout | tests/integration/catalog-batch/promo-claim-lifecycle-shard-enumeration-postgres.test.ts > promo-claim lifecycle: 阶段2 第2步枚举切分片 (real Postgres) > enumerates 20,000 eligible books into disabled awaiting_release shards, and selectPending refuses every one of them until a shard is (simulated-)released
PROMO_CLAIM_SHARD_ENUM_METRIC scaleCount=20000 enumerateMs=3181

 ✓ |node| tests/integration/catalog-batch/promo-claim-lifecycle-shard-enumeration-postgres.test.ts (4 tests) 5563ms
   ✓ promo-claim lifecycle: 阶段2 第2步枚举切分片 (real Postgres) > enumerates 20,000 eligible books into disabled awaiting_release shards, and selectPending refuses every one of them until a shard is (simulated-)released  4743ms
   ✓ promo-claim lifecycle: 阶段2 第2步枚举切分片 (real Postgres) > clamps the shard size at the configured upper bound (1000) when the raw computed size would exceed it  446ms
 ✓ |node| tests/integration/tasks/promo-claim-lifecycle-shard-deadline-postgres.test.ts (6 tests) 184ms

 Test Files  4 passed (4)
      Tests  57 passed (57)
   Start at  16:26:16
   Duration  26.44s (transform 489ms, setup 0ms, collect 941ms, tests 24.93s, environment 0ms, prepare 133ms)

JSON report written to /var/folders/y7/z3lp3zhj21jfby__zf_nf8680000gn/T/cps-novel-catalog-batch-secrets.eFaxhP/integration-result.json
CATALOG_BATCH_INTEGRATION=PASS files=4 passed=57 skipped=0
{"status":"ok","models":57,"recordCount":1326,"activeCount":1256,"tableCount":57,"constraintCount":270,"indexCount":238,"triggerCount":3}
CATALOG_BATCH_DICTIONARY_DRIFT=0
CATALOG_BATCH_POSTGRES_VERIFICATION=PASS
CATALOG_BATCH_DISPOSABLE_DATABASE_CLEANED=yes
