DEPLOY_STARTED_AT=2026-10-08T16:39:48Z
2026-10-08T16:39:48Z IMAGE=PASS anchor=descriptor
2026-10-08T16:39:48Z PREPROD_SITE_MODE=public
2026-10-08T16:39:49Z IMAGE=PASS anchor=descriptor
2026-10-08T16:39:49Z PREPROD_WORKER_LANES=PASS main=cps-novel-preprod-worker-1 light=cps-novel-preprod-worker-light-1
2026-10-08T16:39:49Z SECRET_CONSUMER_MATRIX=PASS count=15
2026-10-08T16:39:52Z MAINTENANCE_MARKER_PROBE=SKIPPED reason=marker_absent path=/opt/cps-novel/shared/maintenance/enabled
2026-10-08T16:39:57Z SECRET_PREFLIGHT=PASS CONSUMER_ACCESS=VERIFIED
2026-10-08T16:39:57Z PREPROD_WRITE_GATES=PASS approved=catalog_write,promo_write,sitemap_write,auto_tag_write open=catalog_write,promo_write,sitemap_write,auto_tag_write
2026-10-08T16:39:57Z PREPROD_PROMO_CLAIM_LIFECYCLE_CONFIG=PASS enabled=true approvalTtlMinutes=1440 shardWindowMinutes=90 shardSizeMin=50 shardSizeMax=1000 credentialSafetyMarginMinutes=30 deadlineGraceMinutes=10
2026-10-08T16:39:57Z PREPROD_MOBOREADER_RATE_GATE_CONFIG=PASS enabled=true intervalGetlistpcMs=1500 intervalGetcodeMs=1500 hostMinGapMs=250 remainingFloorGetlistpc=8 remainingFloorGetcode=12 rateWindowMaxWaitMs=60000 cooldownAnomalyThresholdMs=900000
2026-10-08T16:39:57Z PREPROD_ADMIN_LOGIN_TURNSTILE_CONFIG=PASS enabled=false
2026-10-08T16:39:57Z PREPROD_PREFLIGHT=PASS
2026-10-08T16:39:57Z MAINTENANCE=ON
2026-10-08T16:39:57Z  Container cps-novel-scheduler-1 Stopping 
2026-10-08T16:39:57Z  Container cps-novel-scheduler-1 Stopped 
2026-10-08T16:39:58Z  Container cps-novel-worker-light-1 Stopping 
2026-10-08T16:39:58Z  Container cps-novel-worker-1 Stopping 
2026-10-08T16:39:58Z  Container cps-novel-worker-1 Stopped 
2026-10-08T16:39:58Z  Container cps-novel-worker-light-1 Stopped 
2026-10-08T16:39:58Z  Container cps-novel-web-1 Stopping 
2026-10-08T16:39:59Z  Container cps-novel-web-1 Stopped 
2026-10-08T16:39:59Z APP_RUNTIME=PASS image=cps-novel:0.5.12-84af0d7 identity=verified
2026-10-08T16:40:00Z  Container cps-novel-web-run-c9d89fa0b0e8 Creating 
2026-10-08T16:40:00Z  Container cps-novel-web-run-c9d89fa0b0e8 Created 
2026-10-08T16:40:03Z Prisma schema loaded from prisma/schema.prisma
2026-10-08T16:40:03Z Datasource "db": PostgreSQL database "cps_novel", schema "public" at "postgres:5432"
2026-10-08T16:40:03Z 
2026-10-08T16:40:03Z 23 migrations found in prisma/migrations
2026-10-08T16:40:03Z 
2026-10-08T16:40:03Z 
2026-10-08T16:40:03Z No pending migrations to apply.
2026-10-08T16:40:03Z npm notice
2026-10-08T16:40:03Z npm notice New minor version of npm available! 11.6.2 -> 11.21.0
2026-10-08T16:40:03Z npm notice Changelog: https://github.com/npm/cli/releases/tag/v11.21.0
2026-10-08T16:40:03Z npm notice To update run: npm install -g npm@11.21.0
2026-10-08T16:40:03Z npm notice
2026-10-08T16:40:03Z DATABASE_MIGRATION=PASS
2026-10-08T16:40:04Z DATABASE_GRANTS=PASS
2026-10-08T16:40:04Z APP_RUNTIME=PASS image=cps-novel:0.5.12-84af0d7 identity=verified
2026-10-08T16:40:05Z  Container cps-novel-web-1 Recreate 
2026-10-08T16:40:05Z  Container cps-novel-web-1 Recreated 
2026-10-08T16:40:05Z  Container cps-novel-web-1 Starting 
2026-10-08T16:40:05Z  Container cps-novel-web-1 Started 
2026-10-08T16:40:05Z  Container cps-novel-web-1 Waiting 
2026-10-08T16:40:11Z  Container cps-novel-web-1 Healthy 
2026-10-08T16:40:11Z RUNTIME_IMAGE_ONE=PASS service=web anchor=manifest_descriptor
2026-10-08T16:40:11Z RUNTIME_IMAGE=PASS services=web
2026-10-08T16:40:11Z HEALTH_WAIT=PASS service=web health=healthy
2026-10-08T16:40:11Z PREPROD_SITE_MODE=public
2026-10-08T16:40:14Z  Container cps-novel-web-run-4dd27a5036e3 Creating 
2026-10-08T16:40:14Z  Container cps-novel-web-run-4dd27a5036e3 Created 
2026-10-08T16:40:16Z RELEASE_VERIFY=PASS
2026-10-08T16:40:16Z APP_RUNTIME=PASS image=cps-novel:0.5.12-84af0d7 identity=verified
2026-10-08T16:40:17Z  Container cps-novel-worker-1 Recreate 
2026-10-08T16:40:17Z  Container cps-novel-worker-light-1 Recreate 
2026-10-08T16:40:17Z  Container cps-novel-worker-1 Recreated 
2026-10-08T16:40:17Z  Container cps-novel-worker-light-1 Recreated 
2026-10-08T16:40:17Z  Container cps-novel-worker-1 Starting 
2026-10-08T16:40:17Z  Container cps-novel-worker-light-1 Starting 
2026-10-08T16:40:17Z  Container cps-novel-worker-1 Started 
2026-10-08T16:40:17Z  Container cps-novel-worker-light-1 Started 
2026-10-08T16:40:17Z  Container cps-novel-worker-light-1 Waiting 
2026-10-08T16:40:17Z  Container cps-novel-worker-1 Waiting 
2026-10-08T16:40:22Z  Container cps-novel-worker-1 Healthy 
2026-10-08T16:40:23Z  Container cps-novel-worker-light-1 Healthy 
2026-10-08T16:40:23Z APP_RUNTIME=PASS image=cps-novel:0.5.12-84af0d7 identity=verified
2026-10-08T16:40:24Z  Container cps-novel-scheduler-1 Recreate 
2026-10-08T16:40:24Z  Container cps-novel-scheduler-1 Recreated 
2026-10-08T16:40:24Z  Container cps-novel-scheduler-1 Starting 
2026-10-08T16:40:24Z  Container cps-novel-scheduler-1 Started 
2026-10-08T16:40:24Z  Container cps-novel-scheduler-1 Waiting 
2026-10-08T16:40:29Z  Container cps-novel-scheduler-1 Healthy 
2026-10-08T16:40:30Z RUNTIME_IMAGE_ONE=PASS service=worker anchor=manifest_descriptor
2026-10-08T16:40:30Z RUNTIME_IMAGE_ONE=PASS service=worker-light anchor=manifest_descriptor
2026-10-08T16:40:30Z RUNTIME_IMAGE_ONE=PASS service=scheduler anchor=manifest_descriptor
2026-10-08T16:40:30Z RUNTIME_IMAGE=PASS services=worker worker-light scheduler
2026-10-08T16:40:31Z HEALTH_WAIT=PASS service=worker health=healthy
2026-10-08T16:40:31Z HEALTH_WAIT=PASS service=worker-light health=healthy
2026-10-08T16:40:31Z HEALTH_WAIT=PASS service=scheduler health=healthy
2026-10-08T16:40:31Z  Container cps-novel-backup-timer-1 Recreate 
2026-10-08T16:40:42Z  Container cps-novel-backup-timer-1 Recreated 
2026-10-08T16:40:42Z  Container cps-novel-backup-timer-1 Starting 
2026-10-08T16:40:42Z  Container cps-novel-backup-timer-1 Started 
2026-10-08T16:40:48Z BACKUP_TIMER=RUNNING container=5f120036a7be
2026-10-08T16:40:48Z MAINTENANCE=OFF
2026-10-08T16:40:48Z PREPROD_SITE_MODE=public
2026-10-08T16:40:49Z RELEASE_VERIFY=PASS mode=anonymous_only
2026-10-08T16:40:49Z RELEASE=PASS
DEPLOY_FINISHED_AT=2026-10-08T16:40:49Z
RELEASE_EXIT=0
