OWNER_RECEIPTS={"read_at" : "2026-10-08T09:19:00.329947+00:00", "empty_locales" : ["cs"], "sitemap_tasks" : [], "revenue_tasks" : [], "revenue_batches" : [], "daily_stats" : [], "published_by_locale" : [{"locale":"ar","count":31}, {"locale":"de","count":843}, {"locale":"en","count":13008}, {"locale":"es","count":2671}, {"locale":"fr","count":2447}, {"locale":"id","count":1573}, {"locale":"ja","count":383}, {"locale":"ko","count":766}, {"locale":"pl","count":40}, {"locale":"pt-BR","count":2312}, {"locale":"ru","count":2964}, {"locale":"th","count":932}, {"locale":"vi","count":828}, {"locale":"zh-Hant","count":15}]}
SITEMAP_DIRECTORY_COUNT=390
411.5M	/app/runtime/static-sitemaps/releases
SITEMAP_CURRENT=releases/8e873553-6676-4dff-a931-5228469c96d1
SITEMAP_CURRENT_MANIFEST={
  "runId": "8e873553-6676-4dff-a931-5228469c96d1",
  "releaseName": "8e873553-6676-4dff-a931-5228469c96d1",
  "rootDir": "/app/runtime/static-sitemaps",
  "releaseDir": "/app/runtime/static-sitemaps/releases/8e873553-6676-4dff-a931-5228469c96d1",
  "generatedAt": "2026-10-08T02:53:38.092Z",
  "promotedAt": "2026-10-08T02:53:38.094Z",
  "durationMs": 19584,
  "fileCount": 36,
  "urlCount": 115444,
  "sitemapFiles": [
    "sitemap/site_mainpage_en.xml",
    "sitemap/site_mainpage_es.xml",
    "sitemap/site_mainpage_pt-BR.xml",
    "sitemap/site_mainpage_id.xml",
    "sitemap/site_mainpage_vi.xml",
    "sitemap/site_mainpage_th.xml",
    "sitemap/site_mainpage_ja.xml",
    "sitemap/site_mainpage_ko.xml",
    "sitemap/site_mainpage_zh-Hant.xml",
    "sitemap/site_mainpage_ar.xml",
    "sitemap/site_mainpage_fr.xml",
    "sitemap/site_mainpage_de.xml",
    "sitemap/site_mainpage_pl.xml",
    "sitemap/site_mainpage_ru.xml",
    "sitemap/site_novelpage_en.xml",
    "sitemap/site_novelpage_en_1.xml",
    "sitemap/site_novelpage_en_2.xml",
    "sitemap/site_novelpage_en_3.xml",
    "sitemap/site_novelpage_en_4.xml",
    "sitemap/site_novelpage_en_5.xml",
    "sitemap/site_novelpage_es.xml",
    "sitemap/site_novelpage_es_1.xml",
    "sitemap/site_novelpage_pt-BR.xml",
    "sitemap/site_novelpage_id.xml",
    "sitemap/site_novelpage_vi.xml",
    "sitemap/site_novelpage_th.xml",
    "sitemap/site_novelpage_ja.xml",
    "sitemap/site_novelpage_ko.xml",
    "sitemap/site_novelpage_zh-Hant.xml",
    "sitemap/site_novelpage_ar.xml",
    "sitemap/site_novelpage_fr.xml",
    "sitemap/site_novelpage_de.xml",
    "sitemap/site_novelpage_pl.xml",
    "sitemap/site_novelpage_ru.xml",
    "sitemap/site_novelpage_ru_1.xml"
  ],
  "version": "p2-10",
  "initiatedBy": "admin.article.publish",
  "reason": "article_first_publish"
}
