DEPLOY_STARTED_AT=2026-10-09T03:19:39Z
2026-10-09T03:19:39Z IMAGE=PASS anchor=descriptor
2026-10-09T03:19:40Z PREPROD_SITE_MODE=public
2026-10-09T03:19:40Z IMAGE=PASS anchor=descriptor
2026-10-09T03:19:40Z PREPROD_WORKER_LANES=PASS main=cps-novel-preprod-worker-1 light=cps-novel-preprod-worker-light-1
2026-10-09T03:19:40Z SECRET_CONSUMER_MATRIX=PASS count=15
2026-10-09T03:19:44Z MAINTENANCE_MARKER_PROBE=SKIPPED reason=marker_absent path=/opt/cps-novel/shared/maintenance/enabled
2026-10-09T03:19:48Z SECRET_PREFLIGHT=PASS CONSUMER_ACCESS=VERIFIED
2026-10-09T03:19:48Z PREPROD_WRITE_GATES=PASS approved=catalog_write,promo_write,sitemap_write,auto_tag_write open=catalog_write,promo_write,sitemap_write,auto_tag_write
2026-10-09T03:19:48Z PREPROD_PROMO_CLAIM_LIFECYCLE_CONFIG=PASS enabled=true approvalTtlMinutes=1440 shardWindowMinutes=90 shardSizeMin=50 shardSizeMax=1000 credentialSafetyMarginMinutes=30 deadlineGraceMinutes=10
2026-10-09T03:19:48Z PREPROD_MOBOREADER_RATE_GATE_CONFIG=PASS enabled=true intervalGetlistpcMs=1500 intervalGetcodeMs=1500 hostMinGapMs=250 remainingFloorGetlistpc=8 remainingFloorGetcode=12 rateWindowMaxWaitMs=60000 cooldownAnomalyThresholdMs=900000
2026-10-09T03:19:48Z PREPROD_ADMIN_LOGIN_TURNSTILE_CONFIG=PASS enabled=false
2026-10-09T03:19:48Z PREPROD_PREFLIGHT=PASS
2026-10-09T03:19:48Z MAINTENANCE=ON
2026-10-09T03:19:48Z  Container cps-novel-scheduler-1 Stopping 
2026-10-09T03:19:49Z  Container cps-novel-scheduler-1 Stopped 
2026-10-09T03:19:49Z  Container cps-novel-worker-light-1 Stopping 
2026-10-09T03:19:49Z  Container cps-novel-worker-1 Stopping 
2026-10-09T03:19:49Z  Container cps-novel-worker-1 Stopped 
2026-10-09T03:19:49Z  Container cps-novel-worker-light-1 Stopped 
2026-10-09T03:19:50Z  Container cps-novel-web-1 Stopping 
2026-10-09T03:19:50Z  Container cps-novel-web-1 Stopped 
2026-10-09T03:19:50Z APP_RUNTIME=PASS image=cps-novel:0.5.13-cc2655b identity=verified
2026-10-09T03:19:51Z  Container cps-novel-web-run-195de6e005ec Creating 
2026-10-09T03:19:51Z  Container cps-novel-web-run-195de6e005ec Created 
2026-10-09T03:19:53Z Prisma schema loaded from prisma/schema.prisma
2026-10-09T03:19:53Z Datasource "db": PostgreSQL database "cps_novel", schema "public" at "postgres:5432"
2026-10-09T03:19:53Z 
2026-10-09T03:19:53Z 24 migrations found in prisma/migrations
2026-10-09T03:19:53Z 
2026-10-09T03:19:53Z Applying migration `20261009120000_b38_novel_effective_tag`
2026-10-09T03:19:59Z 
2026-10-09T03:19:59Z The following migration(s) have been applied:
2026-10-09T03:19:59Z 
2026-10-09T03:19:59Z migrations/
2026-10-09T03:19:59Z   └─ 20261009120000_b38_novel_effective_tag/
2026-10-09T03:19:59Z     └─ migration.sql
2026-10-09T03:19:59Z       
2026-10-09T03:19:59Z All migrations have been successfully applied.
2026-10-09T03:19:59Z npm notice
2026-10-09T03:19:59Z npm notice New minor version of npm available! 11.6.2 -> 11.21.0
2026-10-09T03:19:59Z npm notice Changelog: https://github.com/npm/cli/releases/tag/v11.21.0
2026-10-09T03:19:59Z npm notice To update run: npm install -g npm@11.21.0
2026-10-09T03:19:59Z npm notice
2026-10-09T03:19:59Z DATABASE_MIGRATION=PASS
2026-10-09T03:19:59Z DATABASE_GRANTS=PASS
2026-10-09T03:19:59Z APP_RUNTIME=PASS image=cps-novel:0.5.13-cc2655b identity=verified
2026-10-09T03:20:00Z  Container cps-novel-web-1 Recreate 
2026-10-09T03:20:00Z  Container cps-novel-web-1 Recreated 
2026-10-09T03:20:00Z  Container cps-novel-web-1 Starting 
2026-10-09T03:20:01Z  Container cps-novel-web-1 Started 
2026-10-09T03:20:01Z  Container cps-novel-web-1 Waiting 
2026-10-09T03:20:06Z  Container cps-novel-web-1 Healthy 
2026-10-09T03:20:06Z RUNTIME_IMAGE_ONE=PASS service=web anchor=manifest_descriptor
2026-10-09T03:20:06Z RUNTIME_IMAGE=PASS services=web
2026-10-09T03:20:07Z HEALTH_WAIT=PASS service=web health=healthy
2026-10-09T03:20:07Z PREPROD_SITE_MODE=public
2026-10-09T03:20:10Z  Container cps-novel-web-run-670a5cd99798 Creating 
2026-10-09T03:20:10Z  Container cps-novel-web-run-670a5cd99798 Created 
2026-10-09T03:20:11Z RELEASE_VERIFY=PASS
2026-10-09T03:20:11Z APP_RUNTIME=PASS image=cps-novel:0.5.13-cc2655b identity=verified
2026-10-09T03:20:12Z  Container cps-novel-worker-1 Recreate 
2026-10-09T03:20:12Z  Container cps-novel-worker-light-1 Recreate 
2026-10-09T03:20:12Z  Container cps-novel-worker-light-1 Recreated 
2026-10-09T03:20:12Z  Container cps-novel-worker-1 Recreated 
2026-10-09T03:20:12Z  Container cps-novel-worker-light-1 Starting 
2026-10-09T03:20:12Z  Container cps-novel-worker-1 Starting 
2026-10-09T03:20:12Z  Container cps-novel-worker-light-1 Started 
2026-10-09T03:20:12Z  Container cps-novel-worker-1 Started 
2026-10-09T03:20:12Z  Container cps-novel-worker-1 Waiting 
2026-10-09T03:20:12Z  Container cps-novel-worker-light-1 Waiting 
2026-10-09T03:20:17Z  Container cps-novel-worker-light-1 Healthy 
2026-10-09T03:20:18Z  Container cps-novel-worker-1 Healthy 
2026-10-09T03:20:18Z APP_RUNTIME=PASS image=cps-novel:0.5.13-cc2655b identity=verified
2026-10-09T03:20:18Z  Container cps-novel-scheduler-1 Recreate 
2026-10-09T03:20:18Z  Container cps-novel-scheduler-1 Recreated 
2026-10-09T03:20:18Z  Container cps-novel-scheduler-1 Starting 
2026-10-09T03:20:18Z  Container cps-novel-scheduler-1 Started 
2026-10-09T03:20:18Z  Container cps-novel-scheduler-1 Waiting 
2026-10-09T03:20:24Z  Container cps-novel-scheduler-1 Healthy 
2026-10-09T03:20:24Z RUNTIME_IMAGE_ONE=PASS service=worker anchor=manifest_descriptor
2026-10-09T03:20:24Z RUNTIME_IMAGE_ONE=PASS service=worker-light anchor=manifest_descriptor
2026-10-09T03:20:25Z RUNTIME_IMAGE_ONE=PASS service=scheduler anchor=manifest_descriptor
2026-10-09T03:20:25Z RUNTIME_IMAGE=PASS services=worker worker-light scheduler
2026-10-09T03:20:25Z HEALTH_WAIT=PASS service=worker health=healthy
2026-10-09T03:20:25Z HEALTH_WAIT=PASS service=worker-light health=healthy
2026-10-09T03:20:25Z HEALTH_WAIT=PASS service=scheduler health=healthy
2026-10-09T03:20:26Z  Container cps-novel-backup-timer-1 Recreate 
2026-10-09T03:20:36Z  Container cps-novel-backup-timer-1 Recreated 
2026-10-09T03:20:36Z  Container cps-novel-backup-timer-1 Starting 
2026-10-09T03:20:36Z  Container cps-novel-backup-timer-1 Started 
2026-10-09T03:20:42Z BACKUP_TIMER=RUNNING container=8e1d3657b0fc
2026-10-09T03:20:42Z MAINTENANCE=OFF
2026-10-09T03:20:42Z PREPROD_SITE_MODE=public
2026-10-09T03:20:43Z RELEASE_VERIFY=PASS mode=anonymous_only
2026-10-09T03:20:43Z RELEASE=PASS
DEPLOY_FINISHED_AT=2026-10-09T03:20:43Z
RELEASE_EXIT=0
