cps-novel-0.5.13-cc2655b.tar.zst: OK
cps-novel-v0.5.13.bundle: OK
cc2655b0a3864f6ae6a665f46bad91f15d0a904a.json: OK
Cloning into '/opt/cps-novel/releases/cc2655b0a3864f6ae6a665f46bad91f15d0a904a'...
done.
Note: switching to '84af0d7ef5ef36b06fa9783c114fe831adab4e13'.

You are in 'detached HEAD' state. You can look around, make experimental
changes and commit them, and you can discard any commits you make in this
state without impacting any branches by switching back to a branch.

If you want to create a new branch to retain commits you create, you may
do so (now or later) by using -c with the switch command. Example:

  git switch -c <new-branch-name>

Or undo this operation with:

  git switch -

Turn off this advice by setting config variable advice.detachedHead to false

Updating files:  85% (1887/2210)Updating files:  86% (1901/2210)Updating files:  87% (1923/2210)Updating files:  88% (1945/2210)Updating files:  89% (1967/2210)Updating files:  90% (1989/2210)Updating files:  91% (2012/2210)Updating files:  92% (2034/2210)Updating files:  93% (2056/2210)Updating files:  94% (2078/2210)Updating files:  95% (2100/2210)Updating files:  96% (2122/2210)Updating files:  97% (2144/2210)Updating files:  98% (2166/2210)Updating files:  99% (2188/2210)Updating files: 100% (2210/2210)Updating files: 100% (2210/2210), done.
From /opt/cps-novel/shared/artifacts/staging/cps-novel-v0.5.13.bundle
 * branch                release/v0.5.13-2026-10-09 -> FETCH_HEAD
Previous HEAD position was 84af0d7ef 发布：准备海阅 v0.5.12 六文件版本身份
HEAD is now at cc2655b0a 发布：准备海阅 v0.5.13 六文件版本身份
CODE_FINAL_TREE_CLEAN=PASS
IDENTITY=PASS
  target            sha256:c2f9a5942e98220a772c1cb61b3ff0f0320460ae43cb9d0b0d21f800017b38e8 (application/vnd.oci.image.manifest.v1+json)
  platform_manifest sha256:c2f9a5942e98220a772c1cb61b3ff0f0320460ae43cb9d0b0d21f800017b38e8
  config            sha256:890994ee2d034abb8cd64f39b4b681d320de13095cde28e03f58c9a38167af60
  platform          linux/amd64
  revision          cc2655b0a3864f6ae6a665f46bad91f15d0a904a
  layers            20
VERIFY_OFFLINE=PASS
  approved_git_commit=cc2655b0a3864f6ae6a665f46bad91f15d0a904a
  archive_sha256=356b6d7c1aecf3099f877300127f9038ea6aff453ee23f90774fc6e660458089
  image_tag=cps-novel:0.5.13-cc2655b
  approval_record_checked=yes
IMAGE=PASS anchor=descriptor
VERIFY=PASS
  image_tag          =cps-novel:0.5.13-cc2655b
  target             =sha256:c2f9a5942e98220a772c1cb61b3ff0f0320460ae43cb9d0b0d21f800017b38e8
  platform_manifest  =sha256:c2f9a5942e98220a772c1cb61b3ff0f0320460ae43cb9d0b0d21f800017b38e8
  config             =sha256:890994ee2d034abb8cd64f39b4b681d320de13095cde28e03f58c9a38167af60
  platform           =linux/amd64
  revision           =cc2655b0a3864f6ae6a665f46bad91f15d0a904a
