{
  "auditReportVersion": 2,
  "vulnerabilities": {
    "@next/eslint-plugin-next": {
      "name": "@next/eslint-plugin-next",
      "severity": "high",
      "isDirect": false,
      "via": [
        "fast-glob"
      ],
      "effects": [
        "eslint-config-next"
      ],
      "range": ">=14.3.0-canary.0",
      "nodes": [
        "node_modules/@next/eslint-plugin-next"
      ],
      "fixAvailable": {
        "name": "eslint-config-next",
        "version": "14.2.35",
        "isSemVerMajor": true
      }
    },
    "@prisma/config": {
      "name": "@prisma/config",
      "severity": "high",
      "isDirect": false,
      "via": [
        "deepmerge-ts",
        "effect"
      ],
      "effects": [
        "prisma"
      ],
      "range": "6.13.0-dev.1 - 8.1.0-dev.4",
      "nodes": [
        "node_modules/@prisma/config"
      ],
      "fixAvailable": {
        "name": "prisma",
        "version": "6.12.0",
        "isSemVerMajor": true
      }
    },
    "brace-expansion": {
      "name": "brace-expansion",
      "severity": "high",
      "isDirect": false,
      "via": [
        {
          "source": 1240100,
          "name": "brace-expansion",
          "dependency": "brace-expansion",
          "title": "brace-expansion: Quadratic-time expansion of the `{a},b}` rewrite causes CPU denial of service",
          "url": "https://github.com/advisories/GHSA-q2hr-2g5m-vwhr",
          "severity": "moderate",
          "cwe": [
            "CWE-400",
            "CWE-407"
          ],
          "cvss": {
            "score": 5.3,
            "vectorString": "CVSS:3.1/AV:N/AC:L/PR:N/UI:N/S:U/C:N/I:N/A:L"
          },
          "range": "<1.1.21"
        },
        {
          "source": 1240103,
          "name": "brace-expansion",
          "dependency": "brace-expansion",
          "title": "brace-expansion: Quadratic-time expansion of the `{a},b}` rewrite causes CPU denial of service",
          "url": "https://github.com/advisories/GHSA-q2hr-2g5m-vwhr",
          "severity": "moderate",
          "cwe": [
            "CWE-400",
            "CWE-407"
          ],
          "cvss": {
            "score": 5.3,
            "vectorString": "CVSS:3.1/AV:N/AC:L/PR:N/UI:N/S:U/C:N/I:N/A:L"
          },
          "range": ">=4.0.0 <5.0.12"
        },
        {
          "source": 1240104,
          "name": "brace-expansion",
          "dependency": "brace-expansion",
          "title": "brace-expansion: DoS via uncontrolled recursion on nested brace groups causing stack exhaustion",
          "url": "https://github.com/advisories/GHSA-qhr7-859c-m2p7",
          "severity": "high",
          "cwe": [
            "CWE-400",
            "CWE-674"
          ],
          "cvss": {
            "score": 7.5,
            "vectorString": "CVSS:3.1/AV:N/AC:L/PR:N/UI:N/S:U/C:N/I:N/A:H"
          },
          "range": "<1.1.20"
        },
        {
          "source": 1240107,
          "name": "brace-expansion",
          "dependency": "brace-expansion",
          "title": "brace-expansion: DoS via uncontrolled recursion on nested brace groups causing stack exhaustion",
          "url": "https://github.com/advisories/GHSA-qhr7-859c-m2p7",
          "severity": "high",
          "cwe": [
            "CWE-400",
            "CWE-674"
          ],
          "cvss": {
            "score": 7.5,
            "vectorString": "CVSS:3.1/AV:N/AC:L/PR:N/UI:N/S:U/C:N/I:N/A:H"
          },
          "range": ">=4.0.0 <5.0.11"
        },
        {
          "source": 1240108,
          "name": "brace-expansion",
          "dependency": "brace-expansion",
          "title": "brace-expansion: DoS via uncontrolled recursion in parseCommaParts causing stack exhaustion",
          "url": "https://github.com/advisories/GHSA-6j4f-fj2g-mc7p",
          "severity": "high",
          "cwe": [
            "CWE-400",
            "CWE-674"
          ],
          "cvss": {
            "score": 7.5,
            "vectorString": "CVSS:3.1/AV:N/AC:L/PR:N/UI:N/S:U/C:N/I:N/A:H"
          },
          "range": "<1.1.19"
        },
        {
          "source": 1240111,
          "name": "brace-expansion",
          "dependency": "brace-expansion",
          "title": "brace-expansion: DoS via uncontrolled recursion in parseCommaParts causing stack exhaustion",
          "url": "https://github.com/advisories/GHSA-6j4f-fj2g-mc7p",
          "severity": "high",
          "cwe": [
            "CWE-400",
            "CWE-674"
          ],
          "cvss": {
            "score": 7.5,
            "vectorString": "CVSS:3.1/AV:N/AC:L/PR:N/UI:N/S:U/C:N/I:N/A:H"
          },
          "range": ">=4.0.0 <5.0.10"
        }
      ],
      "effects": [],
      "range": "<=1.1.20 || 4.0.0 - 5.0.11",
      "nodes": [
        "node_modules/@typescript-eslint/typescript-estree/node_modules/brace-expansion",
        "node_modules/brace-expansion"
      ],
      "fixAvailable": true
    },
    "braces": {
      "name": "braces",
      "severity": "high",
      "isDirect": false,
      "via": [
        {
          "source": 1240992,
          "name": "braces",
          "dependency": "braces",
          "title": "braces vulnerable to stack-exhaustion denial of service through deeply nested patterns",
          "url": "https://github.com/advisories/GHSA-vfj7-8cjw-p6xm",
          "severity": "high",
          "cwe": [
            "CWE-674"
          ],
          "cvss": {
            "score": 7.5,
            "vectorString": "CVSS:3.1/AV:N/AC:L/PR:N/UI:N/S:U/C:N/I:N/A:H"
          },
          "range": "<=3.0.3"
        }
      ],
      "effects": [
        "micromatch"
      ],
      "range": "*",
      "nodes": [
        "node_modules/braces"
      ],
      "fixAvailable": {
        "name": "eslint-config-next",
        "version": "14.2.35",
        "isSemVerMajor": true
      }
    },
    "deepmerge-ts": {
      "name": "deepmerge-ts",
      "severity": "high",
      "isDirect": false,
      "via": [
        {
          "source": 1145093,
          "name": "deepmerge-ts",
          "dependency": "deepmerge-ts",
          "title": "DeepmergeTS has stack exhaustion when merging recursive object graphs",
          "url": "https://github.com/advisories/GHSA-ggr8-5vv4-36mx",
          "severity": "high",
          "cwe": [
            "CWE-674"
          ],
          "cvss": {
            "score": 0,
            "vectorString": null
          },
          "range": "<8.0.0"
        }
      ],
      "effects": [
        "@prisma/config"
      ],
      "range": "<8.0.0",
      "nodes": [
        "node_modules/deepmerge-ts"
      ],
      "fixAvailable": {
        "name": "prisma",
        "version": "6.12.0",
        "isSemVerMajor": true
      }
    },
    "effect": {
      "name": "effect",
      "severity": "high",
      "isDirect": false,
      "via": [
        {
          "source": 1115356,
          "name": "effect",
          "dependency": "effect",
          "title": "Effect `AsyncLocalStorage` context lost/contaminated inside Effect fibers under concurrent load with RPC",
          "url": "https://github.com/advisories/GHSA-38f7-945m-qr2g",
          "severity": "high",
          "cwe": [
            "CWE-362"
          ],
          "cvss": {
            "score": 7.4,
            "vectorString": "CVSS:3.1/AV:N/AC:H/PR:N/UI:N/S:U/C:H/I:H/A:N"
          },
          "range": "<3.20.0"
        }
      ],
      "effects": [
        "@prisma/config"
      ],
      "range": "<3.20.0",
      "nodes": [
        "node_modules/effect"
      ],
      "fixAvailable": {
        "name": "prisma",
        "version": "6.12.0",
        "isSemVerMajor": true
      }
    },
    "eslint-config-next": {
      "name": "eslint-config-next",
      "severity": "high",
      "isDirect": true,
      "via": [
        "@next/eslint-plugin-next"
      ],
      "effects": [],
      "range": ">=14.3.0-canary.0",
      "nodes": [
        "node_modules/eslint-config-next"
      ],
      "fixAvailable": {
        "name": "eslint-config-next",
        "version": "14.2.35",
        "isSemVerMajor": true
      }
    },
    "fast-glob": {
      "name": "fast-glob",
      "severity": "high",
      "isDirect": false,
      "via": [
        "micromatch"
      ],
      "effects": [
        "@next/eslint-plugin-next"
      ],
      "range": "*",
      "nodes": [
        "node_modules/fast-glob"
      ],
      "fixAvailable": {
        "name": "eslint-config-next",
        "version": "14.2.35",
        "isSemVerMajor": true
      }
    },
    "js-yaml": {
      "name": "js-yaml",
      "severity": "high",
      "isDirect": false,
      "via": [
        {
          "source": 1193727,
          "name": "js-yaml",
          "dependency": "js-yaml",
          "title": "js-yaml: maxTotalMergeKeys does not limit CPU use for empty merge sources",
          "url": "https://github.com/advisories/GHSA-2883-xcg3-v3hh",
          "severity": "high",
          "cwe": [
            "CWE-400",
            "CWE-407"
          ],
          "cvss": {
            "score": 7.5,
            "vectorString": "CVSS:3.1/AV:N/AC:L/PR:N/UI:N/S:U/C:N/I:N/A:H"
          },
          "range": ">=4.0.0 <4.3.2"
        }
      ],
      "effects": [],
      "range": "4.0.0 - 4.3.1",
      "nodes": [
        "node_modules/js-yaml"
      ],
      "fixAvailable": true
    },
    "micromatch": {
      "name": "micromatch",
      "severity": "high",
      "isDirect": false,
      "via": [
        "braces"
      ],
      "effects": [
        "fast-glob"
      ],
      "range": ">=0.2.0",
      "nodes": [
        "node_modules/micromatch"
      ],
      "fixAvailable": {
        "name": "eslint-config-next",
        "version": "14.2.35",
        "isSemVerMajor": true
      }
    },
    "prisma": {
      "name": "prisma",
      "severity": "high",
      "isDirect": true,
      "via": [
        "@prisma/config"
      ],
      "effects": [],
      "range": "6.13.0-dev.1 - 8.1.0-dev.4",
      "nodes": [
        "node_modules/prisma"
      ],
      "fixAvailable": {
        "name": "prisma",
        "version": "6.12.0",
        "isSemVerMajor": true
      }
    }
  },
  "metadata": {
    "vulnerabilities": {
      "info": 0,
      "low": 0,
      "moderate": 0,
      "high": 11,
      "critical": 0,
      "total": 11
    },
    "dependencies": {
      "prod": 85,
      "dev": 522,
      "optional": 145,
      "peer": 20,
      "peerOptional": 0,
      "total": 648
    }
  }
}
