B21_SEEDING es=7918 fr=7367 en=43431 desc_median_chars=700
SEED={"command":"seed","locale":"es","novels":7918,"avgDescriptionChars":895}
SEED={"command":"seed","locale":"fr","novels":7367,"avgDescriptionChars":890}
SEED={"command":"seed","locale":"en","novels":43431,"avgDescriptionChars":905}
NOVELS_BY_LOCALE=en:43431,es:7918,fr:7367
DB_SIZE_MB=178
COMPARE={"command":"compare","locale":"es","lifecycle":"initialize_missing","equal":true,"items":5430,"legacyItemsFingerprint":"476dbbca4d21e82fca92fcf80355951eed77df03902a5867aa172e309b876abf","currentItemsFingerprint":"476dbbca4d21e82fca92fcf80355951eed77df03902a5867aa172e309b876abf","legacyDerivationViolations":0,"currentDerivationViolations":0,"taskRowsEqual":true,"auditEqual":true}
COMPARE={"command":"compare","locale":"es","lifecycle":"reclassify_existing","equal":true,"items":7747,"legacyItemsFingerprint":"1a730ddc8514c02276aa18e6cfd0dea20b821fc1d9522d2328efcba7e536aa76","currentItemsFingerprint":"1a730ddc8514c02276aa18e6cfd0dea20b821fc1d9522d2328efcba7e536aa76","legacyDerivationViolations":0,"currentDerivationViolations":0,"taskRowsEqual":true,"auditEqual":true}
COMPARE={"command":"compare","locale":"fr","lifecycle":"initialize_missing","equal":true,"items":5000,"legacyItemsFingerprint":"20b7b30afe6a67e6c9e5d3fffd3c2a945024d92f1deaab758c3f1810035edd6e","currentItemsFingerprint":"20b7b30afe6a67e6c9e5d3fffd3c2a945024d92f1deaab758c3f1810035edd6e","legacyDerivationViolations":0,"currentDerivationViolations":0,"taskRowsEqual":true,"auditEqual":true}
COMPARE={"command":"compare","locale":"fr","lifecycle":"reclassify_existing","equal":true,"items":7225,"legacyItemsFingerprint":"a49d5889f676d2a3c9075347ebd11b06c998bbf96fb4cc71addcb26f897a7707","currentItemsFingerprint":"a49d5889f676d2a3c9075347ebd11b06c998bbf96fb4cc71addcb26f897a7707","legacyDerivationViolations":0,"currentDerivationViolations":0,"taskRowsEqual":true,"auditEqual":true}
COMPARE={"command":"compare","locale":"en","lifecycle":"initialize_missing","equal":true,"items":29659,"legacyItemsFingerprint":"4fc9b52603e30b0df27f787b3be20b5b6e1a9c89f23d5c4de2ad3a4319228545","currentItemsFingerprint":"4fc9b52603e30b0df27f787b3be20b5b6e1a9c89f23d5c4de2ad3a4319228545","legacyDerivationViolations":0,"currentDerivationViolations":0,"taskRowsEqual":true,"auditEqual":true}
COMPARE={"command":"compare","locale":"en","lifecycle":"reclassify_existing","equal":true,"items":42595,"legacyItemsFingerprint":"ec875056180ea62bce7d25edf76aac51e8fb1074d3ed6b3ce4a7008ac4202ee9","currentItemsFingerprint":"ec875056180ea62bce7d25edf76aac51e8fb1074d3ed6b3ce4a7008ac4202ee9","legacyDerivationViolations":0,"currentDerivationViolations":0,"taskRowsEqual":true,"auditEqual":true}
NOTICE:  truncate cascades to table "generic_task_item"
NOTICE:  truncate cascades to table "cron_run"
NOTICE:  truncate cascades to table "revenue_sync_batch"
NOTICE:  truncate cascades to table "revenue_raw_snapshot"
NOTICE:  truncate cascades to table "revenue_daily_stat"
NOTICE:  truncate cascades to table "generic_task_item"
NOTICE:  truncate cascades to table "cron_run"
NOTICE:  truncate cascades to table "revenue_sync_batch"
NOTICE:  truncate cascades to table "revenue_raw_snapshot"
NOTICE:  truncate cascades to table "revenue_daily_stat"
MEASURE={"command":"measure","impl":"legacy","locale":"es","lifecycle":"reclassify_existing","result":{"status":"enqueued","taskId":"b146a064-035a-4fc5-8396-34c54c363247","taskStatus":"pending","eligibleCount":7747},"startRssMiB":103.7,"peakRssMiB":667.3,"sampledPeakRssMiB":667.3,"endRssMiB":657.9,"heapPeakMiB":62,"externalPeakMiB":6.4,"arrayBuffersPeakMiB":3,"elapsedMs":737}
NOTICE:  truncate cascades to table "generic_task_item"
NOTICE:  truncate cascades to table "cron_run"
NOTICE:  truncate cascades to table "revenue_sync_batch"
NOTICE:  truncate cascades to table "revenue_raw_snapshot"
NOTICE:  truncate cascades to table "revenue_daily_stat"
MEASURE={"command":"measure","impl":"legacy","locale":"fr","lifecycle":"reclassify_existing","result":{"status":"enqueued","taskId":"a5bd6f76-7552-428f-b741-00a147ef4cc6","taskStatus":"pending","eligibleCount":7225},"startRssMiB":103.3,"peakRssMiB":655.6,"sampledPeakRssMiB":655.6,"endRssMiB":655.6,"heapPeakMiB":85.4,"externalPeakMiB":6.4,"arrayBuffersPeakMiB":3,"elapsedMs":675}
NOTICE:  truncate cascades to table "generic_task_item"
NOTICE:  truncate cascades to table "cron_run"
NOTICE:  truncate cascades to table "revenue_sync_batch"
NOTICE:  truncate cascades to table "revenue_raw_snapshot"
NOTICE:  truncate cascades to table "revenue_daily_stat"
MEASURE={"command":"measure","impl":"legacy","locale":"en","lifecycle":"reclassify_existing","result":{"status":"enqueued","taskId":"adbca14a-de95-4d0f-aba1-45ce1d949ce8","taskStatus":"pending","eligibleCount":42595},"startRssMiB":102.4,"peakRssMiB":2729.3,"sampledPeakRssMiB":2729.3,"endRssMiB":2729.3,"heapPeakMiB":148.5,"externalPeakMiB":6.4,"arrayBuffersPeakMiB":3,"elapsedMs":3953}
NOTICE:  truncate cascades to table "generic_task_item"
NOTICE:  truncate cascades to table "cron_run"
NOTICE:  truncate cascades to table "revenue_sync_batch"
NOTICE:  truncate cascades to table "revenue_raw_snapshot"
NOTICE:  truncate cascades to table "revenue_daily_stat"
MEASURE={"command":"measure","impl":"current","locale":"es","lifecycle":"reclassify_existing","result":{"status":"enqueued","taskId":"a3ed63fa-b6c3-4a9b-8652-ed691f579834","taskStatus":"pending","eligibleCount":7747},"startRssMiB":101.5,"peakRssMiB":218.9,"sampledPeakRssMiB":218.1,"endRssMiB":216.1,"heapPeakMiB":49.5,"externalPeakMiB":6.4,"arrayBuffersPeakMiB":3,"elapsedMs":671}
PEAK_RSS_MIB impl=current locale=es peak=218.9 limit=1024
NOTICE:  truncate cascades to table "generic_task_item"
NOTICE:  truncate cascades to table "cron_run"
NOTICE:  truncate cascades to table "revenue_sync_batch"
NOTICE:  truncate cascades to table "revenue_raw_snapshot"
NOTICE:  truncate cascades to table "revenue_daily_stat"
MEASURE={"command":"measure","impl":"current","locale":"fr","lifecycle":"reclassify_existing","result":{"status":"enqueued","taskId":"8f2b1b42-71aa-4864-b3f5-a76e15d8d995","taskStatus":"pending","eligibleCount":7225},"startRssMiB":104.1,"peakRssMiB":217.8,"sampledPeakRssMiB":217.2,"endRssMiB":217.2,"heapPeakMiB":45.4,"externalPeakMiB":6.4,"arrayBuffersPeakMiB":3,"elapsedMs":630}
PEAK_RSS_MIB impl=current locale=fr peak=217.8 limit=1024
NOTICE:  truncate cascades to table "generic_task_item"
NOTICE:  truncate cascades to table "cron_run"
NOTICE:  truncate cascades to table "revenue_sync_batch"
NOTICE:  truncate cascades to table "revenue_raw_snapshot"
NOTICE:  truncate cascades to table "revenue_daily_stat"
MEASURE={"command":"measure","impl":"current","locale":"en","lifecycle":"reclassify_existing","result":{"status":"enqueued","taskId":"f046cfc0-b3cc-4b7a-8361-104d28bd5e8e","taskStatus":"pending","eligibleCount":42595},"startRssMiB":101.3,"peakRssMiB":338.7,"sampledPeakRssMiB":337.8,"endRssMiB":335.6,"heapPeakMiB":124.9,"externalPeakMiB":6.4,"arrayBuffersPeakMiB":3,"elapsedMs":4150}
PEAK_RSS_MIB impl=current locale=en peak=338.7 limit=1024
B21_MEASUREMENT=PASS
B21_DISPOSABLE_DATABASE_CLEANED=yes
