#0 building with "desktop-linux" instance using docker driver

#1 [internal] load build definition from Dockerfile
#1 transferring dockerfile: 3.94kB done
#1 DONE 0.0s

#2 [internal] load metadata for docker.io/library/node:20-alpine@sha256:fb4cd12c85ee03686f6af5362a0b0d56d50c58a04632e6c0fb8363f609372293
#2 DONE 0.0s

#3 [internal] load .dockerignore
#3 transferring context: 167B done
#3 DONE 0.0s

#4 [production-dependencies 1/8] FROM docker.io/library/node:20-alpine@sha256:fb4cd12c85ee03686f6af5362a0b0d56d50c58a04632e6c0fb8363f609372293
#4 DONE 0.0s

#5 [internal] load build context
#5 transferring context: 9.23MB 0.1s done
#5 DONE 0.1s

#6 [production-dependencies 2/8] WORKDIR /app
#6 CACHED

#7 [production-dependencies 3/8] RUN apk add --no-cache libc6-compat openssl python3 make g++
#7 CACHED

#8 [production-dependencies 4/8] RUN npm install --global npm@11.6.2
#8 CACHED

#9 [production-dependencies 5/8] COPY package.json package-lock.json ./
#9 DONE 0.1s

#10 [dependencies 6/8] RUN npm ci
#10 4.485 npm warn deprecated whatwg-encoding@3.1.1: Use @exodus/bytes instead for a more spec-conformant and faster implementation
#10 ...

#11 [production-dependencies 6/8] RUN npm ci --omit=dev
#11 93.44 
#11 93.44 added 99 packages, and audited 100 packages in 2m
#11 93.44 
#11 93.44 15 packages are looking for funding
#11 93.44   run `npm fund` for details
#11 93.53 
#11 93.53 4 high severity vulnerabilities
#11 93.53 
#11 93.53 To address all issues (including breaking changes), run:
#11 93.53   npm audit fix --force
#11 93.53 
#11 93.53 Run `npm audit` for details.
#11 93.53 npm notice
#11 93.53 npm notice New minor version of npm available! 11.6.2 -> 11.21.0
#11 93.53 npm notice Changelog: https://github.com/npm/cli/releases/tag/v11.21.0
#11 93.53 npm notice To update run: npm install -g npm@11.21.0
#11 93.53 npm notice
#11 DONE 93.8s

#10 [dependencies 6/8] RUN npm ci
#10 ...

#12 [production-dependencies 7/8] COPY prisma ./prisma
#12 DONE 0.0s

#13 [production-dependencies 8/8] RUN npx --no-install prisma generate
#13 2.009 Prisma schema loaded from prisma/schema.prisma
#13 2.970 
#13 2.970 ✔ Generated Prisma Client (v6.19.2) to ./node_modules/@prisma/client in 439ms
#13 2.970 
#13 2.970 Start by importing your Prisma Client (See: https://pris.ly/d/importing-client)
#13 2.970 
#13 2.970 Tip: Want to turn off tips and other hints? https://pris.ly/tip-4-nohints
#13 2.970 
#13 DONE 3.1s

#10 [dependencies 6/8] RUN npm ci
#10 112.9 
#10 112.9 added 523 packages, and audited 524 packages in 2m
#10 112.9 
#10 112.9 174 packages are looking for funding
#10 112.9   run `npm fund` for details
#10 113.0 
#10 113.0 11 high severity vulnerabilities
#10 113.0 
#10 113.0 To address issues that do not require attention, run:
#10 113.0   npm audit fix
#10 113.0 
#10 113.0 To address all issues (including breaking changes), run:
#10 113.0   npm audit fix --force
#10 113.0 
#10 113.0 Run `npm audit` for details.
#10 113.0 npm notice
#10 113.0 npm notice New minor version of npm available! 11.6.2 -> 11.21.0
#10 113.0 npm notice Changelog: https://github.com/npm/cli/releases/tag/v11.21.0
#10 113.0 npm notice To update run: npm install -g npm@11.21.0
#10 113.0 npm notice
#10 DONE 113.1s

#14 [dependencies 7/8] COPY prisma ./prisma
#14 DONE 0.0s

#15 [dependencies 8/8] RUN npx --no-install prisma generate
#15 1.876 Prisma schema loaded from prisma/schema.prisma
#15 2.800 
#15 2.800 ✔ Generated Prisma Client (v6.19.2) to ./node_modules/@prisma/client in 411ms
#15 2.800 
#15 2.800 Start by importing your Prisma Client (See: https://pris.ly/d/importing-client)
#15 2.800 
#15 2.800 Tip: Interested in query caching in just a few lines of code? Try Accelerate today! https://pris.ly/tip-3-accelerate
#15 2.800 
#15 DONE 2.9s

#16 [builder 1/3] COPY . .
#16 DONE 0.1s

#17 [builder 2/3] RUN npm run build
#17 0.462 
#17 0.462 > cps-novel@0.5.15 build
#17 0.462 > next build
#17 0.462 
#17 1.073 ▲ Next.js 16.3.8 (Turbopack)
#17 1.301 ✓ Running next.config.ts took 226ms
#17 1.313 
#17 1.388   Creating an optimized production build ...
#17 10.99 ✓ Compiled successfully in 9.4s
#17 11.00   Running TypeScript ...
#17 39.57   Finished TypeScript in 28.6s ...
#17 39.57   Collecting page data using 17 workers ...
#17 41.37   Generating static pages using 17 workers (0/22) ...
#17 41.46   Generating static pages using 17 workers (5/22) 
#17 41.59   Generating static pages using 17 workers (10/22) 
#17 41.60   Generating static pages using 17 workers (16/22) 
#17 41.96 ✓ Generating static pages using 17 workers (22/22) in 591ms
#17 41.97 Turbopack build encountered 1 warning:
#17 41.97 ./src/lib/credentials/keyring.ts:26:13
#17 41.97 Warning: Dynamic filesystem access causes tracing of the whole project
#17 41.97   [90m24 |[0m   [36mlet[0m value: string;
#17 41.97   [90m25 |[0m   [36mtry[0m {
#17 41.97 [33m[1m>[0m [90m26 |[0m     value = readFileSync(filePath, [32m"utf8"[0m).trim();
#17 41.97   [90m   |[0m             [33m[1m^^^^^^^^^^^^^^^^^^^^^^^^^^^^^^[0m
#17 41.97   [90m27 |[0m   } [36mcatch[0m {
#17 41.97   [90m28 |[0m     [36mthrow[0m [36mnew[0m [33mError[0m([32m`[0m${fileVariable[32m} must reference a readable secret file`[0m);
#17 41.97   [90m29 |[0m   }
#17 41.97 
#17 41.97 Static analysis determined that this filesystem access causes the whole project to be traced and included in the output.
#17 41.97 This is usually unintentional and leads to all source files (including the public folder) to be deployed as part of the server code.
#17 41.97 This can slow down deployments or lead to failures when size limits are exceeded.
#17 41.97 To resolve this, you can
#17 41.97 - make sure the path is statically scoped to some subfolder, for example path.join(process.cwd(), 'data', bar), or
#17 41.97 - only use them in development, or
#17 41.97 - opt out by adding an ignore comment to the highlighted call: fs.readFileSync(/*turbopackIgnore: true*/ ...), or
#17 41.97 - remove them.
#17 41.97 
#17 41.97 Import traces:
#17 41.97   #1 [App Route]:
#17 41.97     ./src/lib/credentials/keyring.ts
#17 41.97     ./src/lib/credentials/web-ingress-crypto.ts
#17 41.97     ./src/server/credentials/service.ts
#17 41.97     ./src/app/api/admin/credentials/metadata/route.ts
#17 41.97 
#17 41.97   #2 [App Route]:
#17 41.97     ./src/lib/credentials/keyring.ts
#17 41.97     ./src/lib/credentials/keyring.ts
#17 41.97     ./src/lib/credentials/web-ingress-crypto.ts
#17 41.97     ./src/server/credentials/service.ts
#17 41.97     ./src/app/api/admin/credential-tasks/status/route.ts
#17 41.97 
#17 41.97   #3 [Server Component]:
#17 41.97     ./src/lib/credentials/keyring.ts
#17 41.97     ./src/lib/credentials/web-ingress-crypto.ts
#17 41.97     ./src/server/credentials/service.ts
#17 41.97     ./src/server/credentials/index.ts
#17 41.97     ./src/app/api/admin/_lib/registry.ts
#17 41.97     ./src/app/api/admin/_lib/deps.ts
#17 41.97     ./src/app/(admin)/tags/mappings/page.tsx
#17 41.97 
#17 41.97 
#17 41.97   Finalizing page optimization ...
#17 43.55 
#17 43.55 Route (app)
#17 43.55 ┌ ƒ /
#17 43.55 ├ ƒ /_not-found
#17 43.55 ├ ƒ /[locale]
#17 43.55 ├ ƒ /[locale]/blog
#17 43.55 ├ ƒ /[locale]/blog/[slug]
#17 43.55 ├ ƒ /[locale]/browse
#17 43.55 ├ ƒ /[locale]/category/[slug]
#17 43.55 ├ ƒ /[locale]/novel/[slugParam]
#17 43.55 ├ ƒ /[locale]/novel/[slugParam]/chapter/[chapterNumber]
#17 43.55 ├ ƒ /[locale]/search
#17 43.55 ├ ƒ /api/admin/canonical-tags
#17 43.55 ├ ƒ /api/admin/canonical-tags/homepage-nav
#17 43.55 ├ ƒ /api/admin/channel-accounts
#17 43.55 ├ ƒ /api/admin/credential-tasks/status
#17 43.55 ├ ƒ /api/admin/credentials/metadata
#17 43.55 ├ ƒ /api/admin/novels
#17 43.55 ├ ƒ /api/admin/novels/chapters
#17 43.55 ├ ƒ /api/admin/novels/chapters/content
#17 43.55 ├ ƒ /api/admin/novels/detail
#17 43.55 ├ ƒ /api/admin/novels/tags
#17 43.55 ├ ƒ /api/admin/promo-links
#17 43.55 ├ ƒ /api/admin/site-settings
#17 43.55 ├ ƒ /api/admin/sitemap
#17 43.55 ├ ƒ /api/admin/tag-mappings
#17 43.55 ├ ƒ /api/admin/tags
#17 43.55 ├ ƒ /api/admin/tasks
#17 43.55 ├ ƒ /api/admin/tasks/abort
#17 43.55 ├ ƒ /api/admin/tasks/detail
#17 43.55 ├ ƒ /api/admin/tasks/items
#17 43.55 ├ ƒ /api/admin/tasks/manual-reviews
#17 43.55 ├ ƒ /api/admin/tasks/manual-reviews/resolve
#17 43.55 ├ ƒ /api/admin/tasks/pause
#17 43.55 ├ ƒ /api/admin/tasks/progress
#17 43.55 ├ ƒ /api/admin/tasks/promo-claim-batch/abort
#17 43.55 ├ ƒ /api/admin/tasks/promo-claim-batch/pause
#17 43.55 ├ ƒ /api/admin/tasks/promo-claim-batch/reapprove
#17 43.55 ├ ƒ /api/admin/tasks/promo-claim-batch/resume
#17 43.55 ├ ƒ /api/admin/tasks/resume
#17 43.55 ├ ƒ /api/admin/tasks/retry-catalog-finalize
#17 43.55 ├ ƒ /api/admin/tasks/retry-failed
#17 43.55 ├ ƒ /api/health
#17 43.55 ├ ƒ /api/health/backup
#17 43.55 ├ ƒ /api/health/worker
#17 43.55 ├ ƒ /api/novel-locale-check
#17 43.55 ├ ○ /apple-icon
#17 43.55 ├ ƒ /articles
#17 43.55 ├ ƒ /articles/[articleId]
#17 43.55 ├ ƒ /articles/batch-generate
#17 43.55 ├ ƒ /articles/batch-novel-rebind
#17 43.55 ├ ƒ /articles/generate
#17 43.55 ├ ƒ /articles/new-blog
#17 43.55 ├ ƒ /blog
#17 43.55 ├ ƒ /blog/[slug]
#17 43.55 ├ ƒ /browse
#17 43.55 ├ ƒ /catalog-sync
#17 43.55 ├ ƒ /categories
#17 43.55 ├ ƒ /category/[slug]
#17 43.55 ├ ƒ /channel-accounts
#17 43.55 ├ ƒ /dev-preview
#17 43.55 ├ ƒ /dev-preview/chapter/[chapterNumber]
#17 43.55 ├ ƒ /dev-preview/collection
#17 43.55 ├ ƒ /dev-preview/collection-empty
#17 43.55 ├ ƒ /dev-preview/header
#17 43.55 ├ ƒ /dev-preview/home
#17 43.55 ├ ƒ /dev-preview/home-fallback
#17 43.55 ├ ƒ /dev-preview/home-hero-plain
#17 43.55 ├ ƒ /dev-preview/home-one
#17 43.55 ├ ƒ /dev-preview/home-two
#17 43.55 ├ ƒ /dev-preview/novel
#17 43.55 ├ ƒ /dev-preview/novel-sparse
#17 43.55 ├ ƒ /dev-preview/status/error
#17 43.55 ├ ƒ /dev-preview/status/global-error
#17 43.55 ├ ƒ /dev-preview/status/not-found
#17 43.55 ├ ƒ /dev-preview/takedown
#17 43.55 ├ ƒ /dev-preview/unavailable
#17 43.55 ├ ƒ /go/[code]
#17 43.55 ├ ƒ /home-carousel
#17 43.55 ├ ○ /icon
#17 43.55 ├ ƒ /indexnow-key.txt
#17 43.55 ├ ƒ /login
#17 43.55 ├ ƒ /novel/[slugParam]
#17 43.55 ├ ƒ /novel/[slugParam]/chapter/[chapterNumber]
#17 43.55 ├ ƒ /novels
#17 43.55 ├ ƒ /novels/[novelId]
#17 43.55 ├ ƒ /novels/[novelId]/chapters/[chapterId]
#17 43.55 ├ ƒ /promo-links
#17 43.55 ├ ƒ /revenue
#17 43.55 ├ ƒ /robots.txt
#17 43.55 ├ ƒ /search
#17 43.55 ├ ƒ /settings
#17 43.55 ├ ƒ /settings/security
#17 43.55 ├ ƒ /sitemap.xml
#17 43.55 ├ ƒ /sitemap/[fileName]
#17 43.55 ├ ƒ /tags
#17 43.55 ├ ƒ /tags/canonical
#17 43.55 ├ ƒ /tags/mappings
#17 43.55 ├ ƒ /tasks
#17 43.55 ├ ƒ /tasks/[id]
#17 43.55 ├ ƒ /templates
#17 43.55 ├ ƒ /two-factor/challenge
#17 43.55 └ ƒ /two-factor/setup
#17 43.55 
#17 43.55 
#17 43.55 ƒ Proxy (Middleware)
#17 43.55 
#17 43.55 ○  (Static)   prerendered as static content
#17 43.55 ƒ  (Dynamic)  server-rendered on demand
#17 43.55 
#17 DONE 43.8s

#18 [builder 3/3] RUN rm -rf .next/standalone/node_modules
#18 DONE 0.3s

#19 [runner  3/17] RUN apk add --no-cache bash libc6-compat openssl     && npm install --global npm@11.6.2 tsx@4.21.0
#19 CACHED

#20 [runner  4/17] RUN addgroup --system --gid 1001 nodejs     && adduser --system --uid 1001 --ingroup nodejs nextjs     && mkdir -p /app/runtime/static-sitemaps     && chown -R nextjs:nodejs /app/runtime
#20 CACHED

#21 [runner  5/17] COPY --from=builder --chown=nextjs:nodejs /app/.next/standalone ./
#21 DONE 0.1s

#22 [runner  6/17] COPY --from=builder --chown=nextjs:nodejs /app/.next/static ./.next/static
#22 DONE 0.0s

#23 [runner  7/17] COPY --from=builder --chown=nextjs:nodejs /app/public ./public
#23 DONE 0.0s

#24 [runner  8/17] COPY --from=production-dependencies --chown=nextjs:nodejs /app/node_modules ./node_modules
#24 DONE 1.9s

#25 [runner  9/17] COPY --from=builder --chown=nextjs:nodejs /app/package.json /app/package-lock.json ./
#25 DONE 0.0s

#26 [runner 10/17] COPY --from=builder --chown=nextjs:nodejs /app/prisma ./prisma
#26 DONE 0.0s

#27 [runner 11/17] COPY --from=builder --chown=nextjs:nodejs /app/src ./src
#27 DONE 0.1s

#28 [runner 12/17] COPY --from=builder --chown=nextjs:nodejs /app/worker ./worker
#28 DONE 0.0s

#29 [runner 13/17] COPY --from=builder --chown=nextjs:nodejs /app/scheduler ./scheduler
#29 DONE 0.0s

#30 [runner 14/17] COPY --from=builder --chown=nextjs:nodejs /app/scripts ./scripts
#30 DONE 0.0s

#31 [runner 15/17] COPY --from=builder --chown=nextjs:nodejs /app/infra ./infra
#31 DONE 0.0s

#32 [runner 16/17] COPY --from=builder --chown=nextjs:nodejs /app/tsconfig.json ./tsconfig.json
#32 DONE 0.0s

#33 [runner 17/17] RUN set -eu;     test -n "0.5.15";     test -n "v0.5.15";     test "0.5.15" != "latest";     test "$(node -p 'require("./package.json").version')" = "0.5.15";     echo "db623505539c3ca55f55b1270aab829b8db102d7" | grep -Eq '^[0-9a-f]{40}$';     node -e 'if (!Number.isFinite(Date.parse(process.argv[1]))) process.exit(1)' "2026-10-10T11:57:33Z";     printf '{"version":"%s","commit":"%s","builtAt":"%s"}\n'       "0.5.15" "db623505539c3ca55f55b1270aab829b8db102d7" "2026-10-10T11:57:33Z" > /app/.build-metadata.json;     chmod 0444 /app/.build-metadata.json
#33 DONE 0.5s

#34 exporting to image
#34 exporting layers
#34 exporting layers 1.1s done
#34 writing image sha256:34ff36bfd43470c891217573a7262f31b041599699c7fe3091a97b2b98301da0 done
#34 naming to docker.io/library/cps-novel:cutover-local-db62350 done
#34 DONE 1.1s

View build details: docker-desktop://dashboard/build/desktop-linux/desktop-linux/godtuiecfdmo33eo5kjtf6j1y
WARNING: The requested image's platform (linux/amd64) does not match the detected host platform (linux/arm64/v8) and no specific platform was requested
RUNTIME_IMAGE_DEPS=PASS dev_entries_absent=522 forbidden=vitest,tinypool,@vitest/* required=node_modules/prisma/package.json,node_modules/.bin/prisma,node_modules/@prisma/client/package.json,node_modules/.prisma/client/index.js,node_modules/next/package.json
WARNING: The requested image's platform (linux/amd64) does not match the detected host platform (linux/arm64/v8) and no specific platform was requested
curl: (52) Empty reply from server
BRAND_IMAGE=PASS image=cps-novel:cutover-local-db62350 status=200 content_type=image/png sha256=c4a4a7f4d89a6bce6a3bbf6b50c965cfce53982f85c8aed76be17367731627fb
