B21_SEEDING es=7918 fr=7367 en=43431 desc_median_chars=700
SEED={"command":"seed","locale":"es","novels":7918,"avgDescriptionChars":895}
SEED={"command":"seed","locale":"fr","novels":7367,"avgDescriptionChars":890}
SEED={"command":"seed","locale":"en","novels":43431,"avgDescriptionChars":905}
NOVELS_BY_LOCALE=en:43431,es:7918,fr:7367
DB_SIZE_MB=177
COMPARE={"command":"compare","locale":"es","lifecycle":"initialize_missing","equal":true,"items":5430,"legacyItemsFingerprint":"da41a1c7c1b531019a49f591a1c03119d7c020d4c4c90900a2a4668542a05611","currentItemsFingerprint":"da41a1c7c1b531019a49f591a1c03119d7c020d4c4c90900a2a4668542a05611","legacyDerivationViolations":0,"currentDerivationViolations":0,"taskRowsEqual":true,"auditEqual":true}
COMPARE={"command":"compare","locale":"es","lifecycle":"reclassify_existing","equal":true,"items":7747,"legacyItemsFingerprint":"942a84593426cab9a7f8075ab3f8d9e324666031a536c600b7b43fa626dca9b7","currentItemsFingerprint":"942a84593426cab9a7f8075ab3f8d9e324666031a536c600b7b43fa626dca9b7","legacyDerivationViolations":0,"currentDerivationViolations":0,"taskRowsEqual":true,"auditEqual":true}
COMPARE={"command":"compare","locale":"fr","lifecycle":"initialize_missing","equal":true,"items":5000,"legacyItemsFingerprint":"4b9fe7f481c3e4d70dc967ae5661a241c34eaaaaffee3078a255d0f7cddd2e72","currentItemsFingerprint":"4b9fe7f481c3e4d70dc967ae5661a241c34eaaaaffee3078a255d0f7cddd2e72","legacyDerivationViolations":0,"currentDerivationViolations":0,"taskRowsEqual":true,"auditEqual":true}
COMPARE={"command":"compare","locale":"fr","lifecycle":"reclassify_existing","equal":true,"items":7225,"legacyItemsFingerprint":"8c9b95dff080c2224002a2199b9e17984e1763948b31b8bcf0cd4925ec566bc6","currentItemsFingerprint":"8c9b95dff080c2224002a2199b9e17984e1763948b31b8bcf0cd4925ec566bc6","legacyDerivationViolations":0,"currentDerivationViolations":0,"taskRowsEqual":true,"auditEqual":true}
COMPARE={"command":"compare","locale":"en","lifecycle":"initialize_missing","equal":true,"items":29659,"legacyItemsFingerprint":"297ce07e311c6405632352cab6c46bbd975eee524f80ad63ef6e5eee1c0f4924","currentItemsFingerprint":"297ce07e311c6405632352cab6c46bbd975eee524f80ad63ef6e5eee1c0f4924","legacyDerivationViolations":0,"currentDerivationViolations":0,"taskRowsEqual":true,"auditEqual":true}
COMPARE={"command":"compare","locale":"en","lifecycle":"reclassify_existing","equal":true,"items":42595,"legacyItemsFingerprint":"15e0cc1c681dda3de7d44ba3c44aba503fd12c4eedf8d557a1ea80485d5b7d7c","currentItemsFingerprint":"15e0cc1c681dda3de7d44ba3c44aba503fd12c4eedf8d557a1ea80485d5b7d7c","legacyDerivationViolations":0,"currentDerivationViolations":0,"taskRowsEqual":true,"auditEqual":true}
NOTICE:  truncate cascades to table "generic_task_item"
NOTICE:  truncate cascades to table "cron_run"
NOTICE:  truncate cascades to table "revenue_sync_batch"
NOTICE:  truncate cascades to table "revenue_raw_snapshot"
NOTICE:  truncate cascades to table "revenue_daily_stat"
NOTICE:  truncate cascades to table "generic_task_item"
NOTICE:  truncate cascades to table "cron_run"
NOTICE:  truncate cascades to table "revenue_sync_batch"
NOTICE:  truncate cascades to table "revenue_raw_snapshot"
NOTICE:  truncate cascades to table "revenue_daily_stat"
MEASURE={"command":"measure","impl":"legacy","locale":"es","lifecycle":"reclassify_existing","result":{"status":"enqueued","taskId":"9aef686e-d037-4e64-89e2-18ad91c4734c","taskStatus":"pending","eligibleCount":7747},"startRssMiB":103.2,"peakRssMiB":697.7,"sampledPeakRssMiB":697.7,"endRssMiB":688.2,"heapPeakMiB":55.4,"externalPeakMiB":6.4,"arrayBuffersPeakMiB":3,"elapsedMs":749}
NOTICE:  truncate cascades to table "generic_task_item"
NOTICE:  truncate cascades to table "cron_run"
NOTICE:  truncate cascades to table "revenue_sync_batch"
NOTICE:  truncate cascades to table "revenue_raw_snapshot"
NOTICE:  truncate cascades to table "revenue_daily_stat"
MEASURE={"command":"measure","impl":"legacy","locale":"fr","lifecycle":"reclassify_existing","result":{"status":"enqueued","taskId":"d892dcf0-d84a-43f3-a793-e59ca0b77654","taskStatus":"pending","eligibleCount":7225},"startRssMiB":101.9,"peakRssMiB":647.8,"sampledPeakRssMiB":647.8,"endRssMiB":647.8,"heapPeakMiB":53.2,"externalPeakMiB":6.4,"arrayBuffersPeakMiB":3,"elapsedMs":687}
NOTICE:  truncate cascades to table "generic_task_item"
NOTICE:  truncate cascades to table "cron_run"
NOTICE:  truncate cascades to table "revenue_sync_batch"
NOTICE:  truncate cascades to table "revenue_raw_snapshot"
NOTICE:  truncate cascades to table "revenue_daily_stat"
MEASURE={"command":"measure","impl":"legacy","locale":"en","lifecycle":"reclassify_existing","result":{"status":"enqueued","taskId":"2a5f3e06-3994-4c76-9c08-234d8c64453c","taskStatus":"pending","eligibleCount":42595},"startRssMiB":103.5,"peakRssMiB":2725.7,"sampledPeakRssMiB":2725.7,"endRssMiB":2725.7,"heapPeakMiB":148.4,"externalPeakMiB":6.4,"arrayBuffersPeakMiB":3,"elapsedMs":3799}
NOTICE:  truncate cascades to table "generic_task_item"
NOTICE:  truncate cascades to table "cron_run"
NOTICE:  truncate cascades to table "revenue_sync_batch"
NOTICE:  truncate cascades to table "revenue_raw_snapshot"
NOTICE:  truncate cascades to table "revenue_daily_stat"
MEASURE={"command":"measure","impl":"current","locale":"es","lifecycle":"reclassify_existing","result":{"status":"enqueued","taskId":"3afd2732-38fb-4153-8979-ca94e85dc3ca","taskStatus":"pending","eligibleCount":7747},"startRssMiB":103.7,"peakRssMiB":219.2,"sampledPeakRssMiB":218.1,"endRssMiB":218.1,"heapPeakMiB":46,"externalPeakMiB":6.4,"arrayBuffersPeakMiB":3,"elapsedMs":686}
PEAK_RSS_MIB impl=current locale=es peak=219.2 limit=1024
NOTICE:  truncate cascades to table "generic_task_item"
NOTICE:  truncate cascades to table "cron_run"
NOTICE:  truncate cascades to table "revenue_sync_batch"
NOTICE:  truncate cascades to table "revenue_raw_snapshot"
NOTICE:  truncate cascades to table "revenue_daily_stat"
MEASURE={"command":"measure","impl":"current","locale":"fr","lifecycle":"reclassify_existing","result":{"status":"enqueued","taskId":"14855f83-f0bc-48cf-8b6a-034d4029c789","taskStatus":"pending","eligibleCount":7225},"startRssMiB":104.4,"peakRssMiB":218.5,"sampledPeakRssMiB":216.1,"endRssMiB":216.1,"heapPeakMiB":44.7,"externalPeakMiB":6.4,"arrayBuffersPeakMiB":3,"elapsedMs":672}
PEAK_RSS_MIB impl=current locale=fr peak=218.5 limit=1024
NOTICE:  truncate cascades to table "generic_task_item"
NOTICE:  truncate cascades to table "cron_run"
NOTICE:  truncate cascades to table "revenue_sync_batch"
NOTICE:  truncate cascades to table "revenue_raw_snapshot"
NOTICE:  truncate cascades to table "revenue_daily_stat"
MEASURE={"command":"measure","impl":"current","locale":"en","lifecycle":"reclassify_existing","result":{"status":"enqueued","taskId":"7299469e-e8cf-4e0a-9ea8-1fc0d8391bf9","taskStatus":"pending","eligibleCount":42595},"startRssMiB":101.8,"peakRssMiB":333.3,"sampledPeakRssMiB":332.3,"endRssMiB":332.3,"heapPeakMiB":128.8,"externalPeakMiB":6.4,"arrayBuffersPeakMiB":3,"elapsedMs":4238}
PEAK_RSS_MIB impl=current locale=en peak=333.3 limit=1024
B21_MEASUREMENT=PASS
B21_DISPOSABLE_DATABASE_CLEANED=yes
