Prisma schema loaded from prisma/schema.prisma
Datasource "db": PostgreSQL database "cps_novel_b38_20261009213231_78985", schema "public" at "127.0.0.1:49558"

25 migrations found in prisma/migrations

Applying migration `20260803090000_p1_initial_schema`
Applying migration `20260804090000_p1_08_credential_status_parity`
Applying migration `20260804140000_p1_08b_admin_auth_persistence`
Applying migration `20260816160000_p2_06_5_tagging_v3`
Applying migration `20260818120000_v020_foundation_shared`
Applying migration `20260905090000_site_setting_carousel_config`
Applying migration `20260906090000_p2_02b_article_template_cps_parity`
Applying migration `20260907090000_p3_generic_task_catalog_scan_indexes`
Applying migration `20260907091500_p3_drop_catalog_scan_task`
Applying migration `20260909090000_c24_article_axes`
Applying migration `20260910090000_c27_blog_article_foundation`
Applying migration `20260911090000_c30_novel_rebind_foundation`
Applying migration `20260912090000_l10n_article_template_locale_not_null`
Applying migration `20260912100000_carousel_serving_source_check_fix`
Applying migration `20260913120000_catalog_batch_parent`
Applying migration `20260916090000_x10_task_control_paused_cancelled`
Applying migration `20260918090000_preview_account_hold`
Applying migration `20260924090000_p5a_catalog_position`
Applying migration `20260926150000_periodic_sweep_skip_reason`
Applying migration `20260927090000_side_effect_manual_review_guard`
Applying migration `20260930100000_site_setting_yandex`
Applying migration `20261005100000_worker_health_partial_indexes`
Applying migration `20261008120000_revenue_account_level_dashboard`
Applying migration `20261009120000_b38_novel_effective_tag`
Applying migration `20261009150000_site_setting_site_search_enabled`

The following migration(s) have been applied:

migrations/
  └─ 20260803090000_p1_initial_schema/
    └─ migration.sql
  └─ 20260804090000_p1_08_credential_status_parity/
    └─ migration.sql
  └─ 20260804140000_p1_08b_admin_auth_persistence/
    └─ migration.sql
  └─ 20260816160000_p2_06_5_tagging_v3/
    └─ migration.sql
  └─ 20260818120000_v020_foundation_shared/
    └─ migration.sql
  └─ 20260905090000_site_setting_carousel_config/
    └─ migration.sql
  └─ 20260906090000_p2_02b_article_template_cps_parity/
    └─ migration.sql
  └─ 20260907090000_p3_generic_task_catalog_scan_indexes/
    └─ migration.sql
  └─ 20260907091500_p3_drop_catalog_scan_task/
    └─ migration.sql
  └─ 20260909090000_c24_article_axes/
    └─ migration.sql
  └─ 20260910090000_c27_blog_article_foundation/
    └─ migration.sql
  └─ 20260911090000_c30_novel_rebind_foundation/
    └─ migration.sql
  └─ 20260912090000_l10n_article_template_locale_not_null/
    └─ migration.sql
  └─ 20260912100000_carousel_serving_source_check_fix/
    └─ migration.sql
  └─ 20260913120000_catalog_batch_parent/
    └─ migration.sql
  └─ 20260916090000_x10_task_control_paused_cancelled/
    └─ migration.sql
  └─ 20260918090000_preview_account_hold/
    └─ migration.sql
  └─ 20260924090000_p5a_catalog_position/
    └─ migration.sql
  └─ 20260926150000_periodic_sweep_skip_reason/
    └─ migration.sql
  └─ 20260927090000_side_effect_manual_review_guard/
    └─ migration.sql
  └─ 20260930100000_site_setting_yandex/
    └─ migration.sql
  └─ 20261005100000_worker_health_partial_indexes/
    └─ migration.sql
  └─ 20261008120000_revenue_account_level_dashboard/
    └─ migration.sql
  └─ 20261009120000_b38_novel_effective_tag/
    └─ migration.sql
  └─ 20261009150000_site_setting_site_search_enabled/
    └─ migration.sql
      
All migrations have been successfully applied.
B38_MIGRATION_COUNT=PASS applied=25

 RUN  v4.1.11 /Users/chenweifeng/Documents/cps海阅/release-v0.5.14

 ✓ |node| tests/integration/tagging/effective-tag-concurrency-postgres.test.ts (6 tests) 1715ms
     ✓ 对账不会把提交后的结果改回旧值：一个事务改某书人工标签（已重算、未提交），全量对账在另一个连接上交错——对账要等它提交，最后检查全 0  381ms
     ✓ 独占锁持有期间，真实的人工保存（replaceManualTagSnapshot）和单本重算都要等；对账提交后才继续，且都成功  435ms
     ✓ 两个事务同时重算同一本书：后者在书行锁上等前者提交，之后基于前者提交的结果重算，不会用旧快照覆盖  364ms
     ✓ 目录同步式重算遇上后台改标签（后台已持有书行 FOR UPDATE）：不死锁——先等书行锁，后台提交后再算  365ms
 ✓ |node| tests/integration/tagging/effective-tag-projection-equivalence-postgres.test.ts (15 tests) 2355ms
 ✓ |node| tests/integration/tagging/effective-tag-write-points-postgres.test.ts (12 tests) 2030ms
     ✓ 站点地图刷新前的兜底（真实 createSitemapRefreshHandler 默认检查 / 对账，worker_app）：先只读检查，有差异才对账（修好被篡改的行并记录）；差异为 0 时不拿独占咨询锁；检查 / 对账失败都不中断站点地图构建  1546ms

 Test Files  3 passed (3)
      Tests  33 passed (33)
   Start at  21:32:34
   Duration  6.97s (transform 455ms, setup 0ms, import 623ms, tests 6.10s, environment 0ms)

JSON report written to /var/folders/y7/z3lp3zhj21jfby__zf_nf8680000gn/T/cps-novel-b38-effective-tag-secrets.JSyKwe/integration-result.json
B38_EFFECTIVE_TAG_INTEGRATION=PASS files=3 passed=33 skipped=0 failed=0
{"status":"ok","models":58,"recordCount":1342,"activeCount":1272,"tableCount":58,"constraintCount":275,"indexCount":242,"triggerCount":3}
B38_DICTIONARY_DRIFT=0
B38_DISPOSABLE_DATABASE_CLEANED=yes
B38_EFFECTIVE_TAG_POSTGRES_VERIFICATION=PASS
