Prisma schema loaded from prisma/schema.prisma
The schema at prisma/schema.prisma is valid 🚀
Prisma schema loaded from prisma/schema.prisma

✔ Generated Prisma Client (v6.19.2) to ./node_modules/@prisma/client in 131ms

Start by importing your Prisma Client (See: https://pris.ly/d/importing-client)

Tip: Need your database queries to be 1000x faster? Accelerate offers you that and more: https://pris.ly/tip-2-accelerate

Prisma schema loaded from prisma/schema.prisma
Datasource "db": PostgreSQL database "cps_novel_p1_06_p1_07_p1_08b_20261009214239_47800", schema "public" at "127.0.0.1:53318"

25 migrations found in prisma/migrations

Applying migration `20260803090000_p1_initial_schema`
Applying migration `20260804090000_p1_08_credential_status_parity`
Applying migration `20260804140000_p1_08b_admin_auth_persistence`
Applying migration `20260816160000_p2_06_5_tagging_v3`
Applying migration `20260818120000_v020_foundation_shared`
Applying migration `20260905090000_site_setting_carousel_config`
Applying migration `20260906090000_p2_02b_article_template_cps_parity`
Applying migration `20260907090000_p3_generic_task_catalog_scan_indexes`
Applying migration `20260907091500_p3_drop_catalog_scan_task`
Applying migration `20260909090000_c24_article_axes`
Applying migration `20260910090000_c27_blog_article_foundation`
Applying migration `20260911090000_c30_novel_rebind_foundation`
Applying migration `20260912090000_l10n_article_template_locale_not_null`
Applying migration `20260912100000_carousel_serving_source_check_fix`
Applying migration `20260913120000_catalog_batch_parent`
Applying migration `20260916090000_x10_task_control_paused_cancelled`
Applying migration `20260918090000_preview_account_hold`
Applying migration `20260924090000_p5a_catalog_position`
Applying migration `20260926150000_periodic_sweep_skip_reason`
Applying migration `20260927090000_side_effect_manual_review_guard`
Applying migration `20260930100000_site_setting_yandex`
Applying migration `20261005100000_worker_health_partial_indexes`
Applying migration `20261008120000_revenue_account_level_dashboard`
Applying migration `20261009120000_b38_novel_effective_tag`
Applying migration `20261009150000_site_setting_site_search_enabled`

The following migration(s) have been applied:

migrations/
  └─ 20260803090000_p1_initial_schema/
    └─ migration.sql
  └─ 20260804090000_p1_08_credential_status_parity/
    └─ migration.sql
  └─ 20260804140000_p1_08b_admin_auth_persistence/
    └─ migration.sql
  └─ 20260816160000_p2_06_5_tagging_v3/
    └─ migration.sql
  └─ 20260818120000_v020_foundation_shared/
    └─ migration.sql
  └─ 20260905090000_site_setting_carousel_config/
    └─ migration.sql
  └─ 20260906090000_p2_02b_article_template_cps_parity/
    └─ migration.sql
  └─ 20260907090000_p3_generic_task_catalog_scan_indexes/
    └─ migration.sql
  └─ 20260907091500_p3_drop_catalog_scan_task/
    └─ migration.sql
  └─ 20260909090000_c24_article_axes/
    └─ migration.sql
  └─ 20260910090000_c27_blog_article_foundation/
    └─ migration.sql
  └─ 20260911090000_c30_novel_rebind_foundation/
    └─ migration.sql
  └─ 20260912090000_l10n_article_template_locale_not_null/
    └─ migration.sql
  └─ 20260912100000_carousel_serving_source_check_fix/
    └─ migration.sql
  └─ 20260913120000_catalog_batch_parent/
    └─ migration.sql
  └─ 20260916090000_x10_task_control_paused_cancelled/
    └─ migration.sql
  └─ 20260918090000_preview_account_hold/
    └─ migration.sql
  └─ 20260924090000_p5a_catalog_position/
    └─ migration.sql
  └─ 20260926150000_periodic_sweep_skip_reason/
    └─ migration.sql
  └─ 20260927090000_side_effect_manual_review_guard/
    └─ migration.sql
  └─ 20260930100000_site_setting_yandex/
    └─ migration.sql
  └─ 20261005100000_worker_health_partial_indexes/
    └─ migration.sql
  └─ 20261008120000_revenue_account_level_dashboard/
    └─ migration.sql
  └─ 20261009120000_b38_novel_effective_tag/
    └─ migration.sql
  └─ 20261009150000_site_setting_site_search_enabled/
    └─ migration.sql
      
All migrations have been successfully applied.
Prisma schema loaded from prisma/schema.prisma
Datasource "db": PostgreSQL database "cps_novel_p1_06_p1_07_p1_08b_20261009214239_47800", schema "public" at "127.0.0.1:53318"

25 migrations found in prisma/migrations


No pending migrations to apply.
No difference detected.

No difference detected.

{"status":"ok","models":58,"recordCount":1342,"activeCount":1272,"tableCount":58,"constraintCount":275,"indexCount":242,"triggerCount":3}

 RUN  v4.1.11 /Users/chenweifeng/Documents/cps海阅/release-v0.5.14


 Test Files  1 passed (1)
      Tests  7 passed (7)
   Start at  21:42:47
   Duration  227ms (transform 9ms, setup 0ms, import 31ms, tests 98ms, environment 0ms)


 RUN  v4.1.11 /Users/chenweifeng/Documents/cps海阅/release-v0.5.14

P1_07_INDEX_PLANS={"channel_sync_task_item":{"pending":["channel_sync_task_item_pending_global_idx","channel_sync_active_scope_uidx"],"expired":["channel_sync_task_item_expired_lease_idx","channel_sync_type_status_created_idx"]},"generic_task_item":{"pending":["generic_task_item_pending_global_idx","generic_task_active_scope_uidx"],"expired":["generic_task_item_expired_lease_idx","generic_task_origin_key"]}}

 Test Files  1 passed (1)
      Tests  28 passed (28)
   Start at  21:42:47
   Duration  5.87s (transform 134ms, setup 0ms, import 182ms, tests 5.62s, environment 0ms)


 RUN  v4.1.11 /Users/chenweifeng/Documents/cps海阅/release-v0.5.14


 Test Files  1 passed (1)
      Tests  8 passed (8)
   Start at  21:42:54
   Duration  890ms (transform 87ms, setup 0ms, import 122ms, tests 680ms, environment 0ms)


 RUN  v4.1.11 /Users/chenweifeng/Documents/cps海阅/release-v0.5.14


 Test Files  1 passed (1)
      Tests  16 passed (16)
   Start at  21:42:55
   Duration  2.47s (transform 173ms, setup 0ms, import 227ms, tests 2.16s, environment 0ms)

POSTGRES_VERSION=16.14 (Debian 16.14-1.pgdg13+1)
MIGRATION_DEPLOY=PASS
MIGRATION_REAPPLY=PASS
SCHEMA_DIFF=PASS
P1_06_REGRESSION=PASS
P1_07_REGRESSION=PASS
P1_08B_POSTGRES_VERIFICATION=PASS
DISPOSABLE_DATABASE_CLEANED=yes
