{"service": "web", "id": "ef2331b075e407c8893bd1c3d6ca078c9e4a760fde6392a4169787866ca172d2", "state": "running", "health": "healthy", "error_lines": 0, "permission_denied": 0, "since": "2026-10-09T15:13:34.492994+00:00"}
INDEXNOW_OFF=PASS service=web
service=web RUNTIME_IMAGE_DEPS=PASS dev_entries_absent=522 forbidden=vitest,tinypool,@vitest/* required=node_modules/prisma/package.json,node_modules/.bin/prisma,node_modules/@prisma/client/package.json,node_modules/.prisma/client/index.js,node_modules/next/package.json
{"service": "worker", "id": "9ece42830cdb6f16baf996b1ca00176aa208bd521c9865464ee6d36c21790c37", "state": "running", "health": "healthy", "error_lines": 0, "permission_denied": 0, "since": "2026-10-09T15:13:34.492994+00:00"}
STARTUP_ALLOWLIST={"service": "worker", "schemaVersion": 1, "event": "worker_task_allowlist", "level": "info", "requested": ["credential.validate.v1", "credential.supersede.v1", "catalog_scan", "promo_link.claim.v1", "batch.materialize.v1", "novel.materialize.v1", "article.generate.v1", "article.generate.batch.v1", "article.generate.batch.v2", "moboreader.preview_refresh.v1", "tagging.auto_classify", "changdu.revenue_sync.v1"], "effective": ["credential.validate.v1", "credential.supersede.v1", "catalog_scan", "promo_link.claim.v1", "batch.materialize.v1", "novel.materialize.v1", "article.generate.v1", "article.generate.batch.v1", "article.generate.batch.v2", "moboreader.preview_refresh.v1", "tagging.auto_classify", "changdu.revenue_sync.v1"], "invalid": []}
INDEXNOW_OFF=PASS service=worker
service=worker RUNTIME_IMAGE_DEPS=PASS dev_entries_absent=522 forbidden=vitest,tinypool,@vitest/* required=node_modules/prisma/package.json,node_modules/.bin/prisma,node_modules/@prisma/client/package.json,node_modules/.prisma/client/index.js,node_modules/next/package.json
{"service": "worker-light", "id": "b966c967908f14a0fb64ce2c2994ccb7b324a2a08bb19639070d70afd4760490", "state": "running", "health": "healthy", "error_lines": 0, "permission_denied": 0, "since": "2026-10-09T15:13:34.492994+00:00"}
STARTUP_ALLOWLIST={"service": "worker-light", "schemaVersion": 1, "event": "worker_task_allowlist", "level": "info", "requested": ["sitemap_refresh", "sitemap.daily_fallback.v1", "home_carousel.compute.v1", "indexnow.sweep.v1", "article.publish.batch.v1", "article.publish.v1"], "effective": ["sitemap_refresh", "sitemap.daily_fallback.v1", "home_carousel.compute.v1", "indexnow.sweep.v1", "article.publish.batch.v1", "article.publish.v1"], "invalid": []}
INDEXNOW_OFF=PASS service=worker-light
service=worker-light RUNTIME_IMAGE_DEPS=PASS dev_entries_absent=522 forbidden=vitest,tinypool,@vitest/* required=node_modules/prisma/package.json,node_modules/.bin/prisma,node_modules/@prisma/client/package.json,node_modules/.prisma/client/index.js,node_modules/next/package.json
{"service": "scheduler", "id": "76e2ed0ebc9d95d1861021de93c350f2bd9a5feb149c5ae748301425de5d4ba8", "state": "running", "health": "healthy", "error_lines": 0, "permission_denied": 0, "since": "2026-10-09T15:13:34.492994+00:00"}
service=scheduler RUNTIME_IMAGE_DEPS=PASS dev_entries_absent=522 forbidden=vitest,tinypool,@vitest/* required=node_modules/prisma/package.json,node_modules/.bin/prisma,node_modules/@prisma/client/package.json,node_modules/.prisma/client/index.js,node_modules/next/package.json
{"service": "backup-timer", "id": "49816b610bed733d5326cf1b553253c226088871a827b12b98396c7208f3e89e", "state": "running", "health": "healthy", "error_lines": 0, "permission_denied": 0, "since": "2026-10-09T15:13:34.492994+00:00"}
{"service": "postgres", "id": "691f4c3e43d7a8dd7acee843a62156c858b783fa8712d5ed366283dd236f525e", "state": "running", "health": "healthy", "error_lines": 0, "permission_denied": 0, "since": "2026-10-09T15:13:34.492994+00:00"}
HEALTH={"ok": true, "status": "healthy", "build": {"version": "0.5.14", "commit": "bf61b5ea276a0981870cdfa63578a822a65836f3", "builtAt": "2026-10-09T12:26:09Z"}, "featureFlags": {}, "metadataConsistency": {"status": "passed", "runtimeClaims": {"version": "0.5.14", "commit": "bf61b5ea276a0981870cdfa63578a822a65836f3"}}, "database": {"status": "passed", "reason": null, "durationMs": 1}, "reasons": []}
WEB_VERSIONS={"next":"16.3.8","nanoid":"3.3.18"}
POST_NGINX_HASHES={"/etc/nginx/conf.d/cps-novel-preprod.conf": "d2825477d359d905a77ebabaa3cfcb3200ab938379ed955d418a07b4e32a0dfe", "/etc/nginx/nginx.conf": "ad9580d1ad6592cf7e4927e0b4049bed025f131e00aa370677e3c2231d5a5e9e"}
BACKUP_TIMER=RUNNING
POST_CHECK=PASS
