{
  "generatedAt": "2026-10-10T18:55:05.270Z",
  "control": {
    "dbNow": "2026-10-10T18:55:05.268Z",
    "breaker": {
      "open": false
    },
    "rateLimit": {
      "waiting": false
    },
    "lastResume": null,
    "lastBisect": null
  },
  "keyValidation": {
    "state": "verified",
    "lastAccepted": {
      "httpStatus": 200,
      "at": "2026-10-10T18:32:05.366Z",
      "requestBatchId": "3ef3e207-c94f-41d0-8b87-5b19a900c942"
    },
    "accepted": {
      "all": {
        "status200": {
          "urls": 5,
          "httpRequests": 3
        },
        "status202": {
          "urls": 1,
          "httpRequests": 1
        }
      },
      "last24h": {
        "status200": {
          "urls": 5,
          "httpRequests": 3
        },
        "status202": {
          "urls": 1,
          "httpRequests": 1
        }
      }
    }
  },
  "outbox": {
    "urlsByStatusAndSource": [
      {
        "status": "accepted",
        "source": "admin.article.publish",
        "urls": 6
      }
    ],
    "dueUrls": 0,
    "cancelledUrlsByErrorKind": [],
    "invalidUrls": [],
    "deadLetters": []
  },
  "attempts": {
    "all": [
      {
        "httpStatus": "200",
        "urls": 5,
        "httpRequests": 3
      },
      {
        "httpStatus": "202",
        "urls": 1,
        "httpRequests": 1
      }
    ],
    "last24h": [
      {
        "httpStatus": "200",
        "urls": 5,
        "httpRequests": 3
      },
      {
        "httpStatus": "202",
        "urls": 1,
        "httpRequests": 1
      }
    ]
  },
  "tasks": {
    "deliveryTaskItemsByStatus": {
      "success": 4
    },
    "scanTaskItemsByStatus": {
      "success": 771
    },
    "inFlightBatchTasks": []
  }
}

EXIT=0
