{
  "generatedAt": "2026-10-10T18:57:24.801Z",
  "control": {
    "dbNow": "2026-10-10T18:57:24.799Z",
    "breaker": {
      "open": false
    },
    "rateLimit": {
      "waiting": false
    },
    "lastResume": null,
    "lastBisect": null
  },
  "keyValidation": {
    "state": "verified",
    "lastAccepted": {
      "httpStatus": 200,
      "at": "2026-10-10T18:57:05.624Z",
      "requestBatchId": "392aefcf-b923-41cc-8fb6-339d50beccbd"
    },
    "accepted": {
      "all": {
        "status200": {
          "urls": 505,
          "httpRequests": 4
        },
        "status202": {
          "urls": 1,
          "httpRequests": 1
        }
      },
      "last24h": {
        "status200": {
          "urls": 505,
          "httpRequests": 4
        },
        "status202": {
          "urls": 1,
          "httpRequests": 1
        }
      }
    }
  },
  "outbox": {
    "urlsByStatusAndSource": [
      {
        "status": "accepted",
        "source": "admin.article.publish",
        "urls": 6
      },
      {
        "status": "accepted",
        "source": "backfill",
        "urls": 500
      }
    ],
    "dueUrls": 0,
    "cancelledUrlsByErrorKind": [],
    "invalidUrls": [],
    "deadLetters": []
  },
  "attempts": {
    "all": [
      {
        "httpStatus": "200",
        "urls": 505,
        "httpRequests": 4
      },
      {
        "httpStatus": "202",
        "urls": 1,
        "httpRequests": 1
      }
    ],
    "last24h": [
      {
        "httpStatus": "200",
        "urls": 505,
        "httpRequests": 4
      },
      {
        "httpStatus": "202",
        "urls": 1,
        "httpRequests": 1
      }
    ]
  },
  "tasks": {
    "deliveryTaskItemsByStatus": {
      "success": 5
    },
    "scanTaskItemsByStatus": {
      "success": 773
    },
    "inFlightBatchTasks": []
  }
}

EXIT=0
