{"chunkIndex":39,"urls":500,"eligibleUrls":496,"driftedUrls":0,"alreadyHasDeliveryUrls":4,"enqueuedUrls":496,"duplicateUrls":0,"ineligibleUrls":0,"disabledUrls":0,"acceptedUrls":496,"accepted200Urls":496,"accepted202Urls":0,"cancelledUrls":0,"notAcceptedUrls":0,"httpRequests":1,"elapsedMs":62438}
{"chunkIndex":40,"urls":500,"eligibleUrls":496,"driftedUrls":0,"alreadyHasDeliveryUrls":4,"enqueuedUrls":496,"duplicateUrls":0,"ineligibleUrls":0,"disabledUrls":0,"acceptedUrls":496,"accepted200Urls":496,"accepted202Urls":0,"cancelledUrls":0,"notAcceptedUrls":0,"httpRequests":1,"elapsedMs":52946}
{"chunkIndex":41,"urls":500,"eligibleUrls":495,"driftedUrls":0,"alreadyHasDeliveryUrls":5,"enqueuedUrls":495,"duplicateUrls":0,"ineligibleUrls":0,"disabledUrls":0,"acceptedUrls":495,"accepted200Urls":495,"accepted202Urls":0,"cancelledUrls":0,"notAcceptedUrls":0,"httpRequests":1,"elapsedMs":62834}
{"chunkIndex":42,"urls":500,"eligibleUrls":495,"driftedUrls":0,"alreadyHasDeliveryUrls":5,"enqueuedUrls":495,"duplicateUrls":0,"ineligibleUrls":0,"disabledUrls":0,"acceptedUrls":495,"accepted200Urls":495,"accepted202Urls":0,"cancelledUrls":0,"notAcceptedUrls":0,"httpRequests":1,"elapsedMs":62989}
{"chunkIndex":43,"urls":500,"eligibleUrls":497,"driftedUrls":0,"alreadyHasDeliveryUrls":3,"enqueuedUrls":497,"duplicateUrls":0,"ineligibleUrls":0,"disabledUrls":0,"acceptedUrls":497,"accepted200Urls":497,"accepted202Urls":0,"cancelledUrls":0,"notAcceptedUrls":0,"httpRequests":1,"elapsedMs":62767}
{
  "generatedAt": "2026-10-11T00:30:43.957Z",
  "control": {
    "dbNow": "2026-10-11T00:30:43.954Z",
    "breaker": {
      "open": false
    },
    "rateLimit": {
      "waiting": false
    },
    "lastResume": null,
    "lastBisect": null
  },
  "keyValidation": {
    "state": "verified",
    "lastAccepted": {
      "httpStatus": 200,
      "at": "2026-10-11T00:30:07.149Z",
      "requestBatchId": "b8251b15-702c-4c95-a654-22757a1be893"
    },
    "accepted": {
      "all": {
        "status200": {
          "urls": 22047,
          "httpRequests": 48
        },
        "status202": {
          "urls": 1,
          "httpRequests": 1
        }
      },
      "last24h": {
        "status200": {
          "urls": 22047,
          "httpRequests": 48
        },
        "status202": {
          "urls": 1,
          "httpRequests": 1
        }
      }
    }
  },
  "outbox": {
    "urlsByStatusAndSource": [
      {
        "status": "accepted",
        "source": "admin.article.publish",
        "urls": 6
      },
      {
        "status": "accepted",
        "source": "backfill",
        "urls": 22042
      },
      {
        "status": "pending",
        "source": "backfill",
        "urls": 496
      }
    ],
    "dueUrls": 496,
    "cancelledUrlsByErrorKind": [],
    "invalidUrls": [],
    "deadLetters": []
  },
  "attempts": {
    "all": [
      {
        "httpStatus": "200",
        "urls": 22047,
        "httpRequests": 48
      },
      {
        "httpStatus": "202",
        "urls": 1,
        "httpRequests": 1
      }
    ],
    "last24h": [
      {
        "httpStatus": "200",
        "urls": 22047,
        "httpRequests": 48
      },
      {
        "httpStatus": "202",
        "urls": 1,
        "httpRequests": 1
      }
    ]
  },
  "tasks": {
    "deliveryTaskItemsByStatus": {
      "success": 49
    },
    "scanTaskItemsByStatus": {
      "success": 1106
    },
    "inFlightBatchTasks": []
  }
}
EXIT=0
